[2026-09-17T17:13:41.798Z] [Process] Postman Automator Web UI started on http://localhost:3000
[2026-09-17T17:17:04.239Z] [Process] Client connected to Web UI
[2026-09-17T17:18:15.841Z] [Input] Starting Script: b2_batch_login.mjs
[
  "hunggreen0001@maildrop.cc,hunggreen0002@maildrop.cc,hunggreen0003@maildrop.cc,hunggreen0004@maildrop.cc,hunggreen0005@maildrop.cc,hunggreen0006@maildrop.cc,hunggreen0007@maildrop.cc,hunggreen0008@maildrop.cc,hunggreen0009@maildrop.cc,hunggreen0011@maildrop.cc,hunggreen0012@maildrop.cc,hunggreen0013@maildrop.cc,hunggreen0016@maildrop.cc,hunggreen0017@maildrop.cc,hunggreen0019@maildrop.cc,hunggreen0020@maildrop.cc,hunggreen0021@maildrop.cc,hunggreen0022@maildrop.cc,hunggreen0023@maildrop.cc,hunggreen0024@maildrop.cc,hunggreen0025@maildrop.cc",
  "1",
  "chrome",
  "headful"
]
[2026-09-17T17:18:16.222Z] [Process] Bắt đầu Batch Login cho 21 tài khoản. Luồng đồng thời: 1
[2026-09-17T17:18:16.224Z] [Process] [hunggreen0001@maildrop.cc] Đang mở trình duyệt (Tọa độ: 0,0)...
[2026-09-17T17:18:21.285Z] [Warn] [hunggreen0001@maildrop.cc] Đang cố gắng tự động điền thông tin đăng nhập (Lần thử 1/3)...
[2026-09-17T17:18:23.971Z] [Process] [hunggreen0001@maildrop.cc] Đã điền xong email/pass. Đợi 12s theo yêu cầu để nút login sẵn sàng...
[2026-09-17T17:18:36.017Z] [Process] [hunggreen0001@maildrop.cc] Đã click nút đăng nhập, đang chờ phản hồi từ máy chủ...
[2026-09-17T17:18:44.023Z] [Output] [hunggreen0001@maildrop.cc] Đã đăng nhập thành công!
[2026-09-17T17:18:46.183Z] [Process] [hunggreen0001@maildrop.cc] Đã đóng trình duyệt.
[2026-09-17T17:18:46.184Z] [Process] [hunggreen0002@maildrop.cc] Đang mở trình duyệt (Tọa độ: 0,250)...
[2026-09-17T17:18:48.399Z] [Process] Process exited with code 130
[2026-09-17T17:18:54.910Z] [Process] Settings updated
{
  "concurrency": 4,
  "browser": "chrome"
}
[2026-09-17T17:19:04.152Z] [Input] Starting Script: b2_batch_login.mjs
[
  "hunggreen0002@maildrop.cc,hunggreen0003@maildrop.cc,hunggreen0004@maildrop.cc,hunggreen0005@maildrop.cc,hunggreen0006@maildrop.cc,hunggreen0007@maildrop.cc,hunggreen0008@maildrop.cc,hunggreen0009@maildrop.cc,hunggreen0011@maildrop.cc,hunggreen0012@maildrop.cc,hunggreen0013@maildrop.cc,hunggreen0016@maildrop.cc,hunggreen0017@maildrop.cc,hunggreen0019@maildrop.cc,hunggreen0020@maildrop.cc,hunggreen0021@maildrop.cc,hunggreen0022@maildrop.cc,hunggreen0023@maildrop.cc,hunggreen0024@maildrop.cc,hunggreen0025@maildrop.cc",
  "4",
  "chrome",
  "headful"
]
[2026-09-17T17:19:04.566Z] [Process] Bắt đầu Batch Login cho 20 tài khoản. Luồng đồng thời: 4
[2026-09-17T17:19:04.568Z] [Process] [hunggreen0002@maildrop.cc] Đang mở trình duyệt (Tọa độ: 0,0)...
[2026-09-17T17:19:04.569Z] [Process] [hunggreen0003@maildrop.cc] Đang mở trình duyệt (Tọa độ: 350,0)...
[2026-09-17T17:19:04.569Z] [Process] [hunggreen0004@maildrop.cc] Đang mở trình duyệt (Tọa độ: 0,250)...
[2026-09-17T17:19:04.570Z] [Process] [hunggreen0005@maildrop.cc] Đang mở trình duyệt (Tọa độ: 350,250)...
[2026-09-17T17:19:09.316Z] [Warn] [hunggreen0003@maildrop.cc] Đang cố gắng tự động điền thông tin đăng nhập (Lần thử 1/3)...
[2026-09-17T17:19:10.285Z] [Warn] [hunggreen0002@maildrop.cc] Đang cố gắng tự động điền thông tin đăng nhập (Lần thử 1/3)...
[2026-09-17T17:19:10.933Z] [Warn] [hunggreen0004@maildrop.cc] Đang cố gắng tự động điền thông tin đăng nhập (Lần thử 1/3)...
[2026-09-17T17:19:11.688Z] [Warn] [hunggreen0005@maildrop.cc] Đang cố gắng tự động điền thông tin đăng nhập (Lần thử 1/3)...
[2026-09-17T17:19:39.337Z] [Warn] [hunggreen0003@maildrop.cc] Đăng nhập chưa chuyển trang. Đợi 5s rồi F5 tải lại...
[2026-09-17T17:19:40.298Z] [Warn] [hunggreen0002@maildrop.cc] Đăng nhập chưa chuyển trang. Đợi 5s rồi F5 tải lại...
[2026-09-17T17:19:40.956Z] [Warn] [hunggreen0004@maildrop.cc] Đăng nhập chưa chuyển trang. Đợi 5s rồi F5 tải lại...
[2026-09-17T17:19:41.702Z] [Warn] [hunggreen0005@maildrop.cc] Đăng nhập chưa chuyển trang. Đợi 5s rồi F5 tải lại...
[2026-09-17T17:19:44.338Z] [Warn] [hunggreen0003@maildrop.cc] Đang cố gắng tự động điền thông tin đăng nhập (Lần thử 2/3)...
[2026-09-17T17:19:44.347Z] [Warn] [hunggreen0003@maildrop.cc] Lỗi tự động điền: Attempted to use detached Frame 'ED73B7EF38081AF0F6986399B71191E8'.. F5 tải lại...
[2026-09-17T17:19:44.348Z] [Warn] [hunggreen0003@maildrop.cc] Đang cố gắng tự động điền thông tin đăng nhập (Lần thử 3/3)...
[2026-09-17T17:19:44.349Z] [Warn] [hunggreen0003@maildrop.cc] Lỗi tự động điền: Attempted to use detached Frame 'ED73B7EF38081AF0F6986399B71191E8'.. F5 tải lại...
[2026-09-17T17:19:44.350Z] [Warn] [hunggreen0003@maildrop.cc] Tự động đăng nhập thất bại sau 3 lần. Đang đợi bạn thao tác tay trên trình duyệt...
[2026-09-17T17:19:44.352Z] [Err] [hunggreen0003@maildrop.cc] Quá thời gian chờ đăng nhập (10 phút) hoặc trình duyệt đã bị tắt.
[2026-09-17T17:19:45.299Z] [Warn] [hunggreen0002@maildrop.cc] Đang cố gắng tự động điền thông tin đăng nhập (Lần thử 2/3)...
[2026-09-17T17:19:45.300Z] [Warn] [hunggreen0002@maildrop.cc] Lỗi tự động điền: Attempted to use detached Frame 'BD3EB28608F117DD5595CC9365ABBBE5'.. F5 tải lại...
[2026-09-17T17:19:45.301Z] [Warn] [hunggreen0002@maildrop.cc] Đang cố gắng tự động điền thông tin đăng nhập (Lần thử 3/3)...
[2026-09-17T17:19:45.301Z] [Warn] [hunggreen0002@maildrop.cc] Lỗi tự động điền: Attempted to use detached Frame 'BD3EB28608F117DD5595CC9365ABBBE5'.. F5 tải lại...
[2026-09-17T17:19:45.302Z] [Warn] [hunggreen0002@maildrop.cc] Tự động đăng nhập thất bại sau 3 lần. Đang đợi bạn thao tác tay trên trình duyệt...
[2026-09-17T17:19:45.302Z] [Err] [hunggreen0002@maildrop.cc] Quá thời gian chờ đăng nhập (10 phút) hoặc trình duyệt đã bị tắt.
[2026-09-17T17:19:45.957Z] [Warn] [hunggreen0004@maildrop.cc] Đang cố gắng tự động điền thông tin đăng nhập (Lần thử 2/3)...
[2026-09-17T17:19:45.961Z] [Warn] [hunggreen0004@maildrop.cc] Lỗi tự động điền: Attempted to use detached Frame 'E916EE5BDA6954C560FEA6AF557DD65A'.. F5 tải lại...
[2026-09-17T17:19:45.963Z] [Warn] [hunggreen0004@maildrop.cc] Đang cố gắng tự động điền thông tin đăng nhập (Lần thử 3/3)...
[2026-09-17T17:19:45.965Z] [Warn] [hunggreen0004@maildrop.cc] Lỗi tự động điền: Attempted to use detached Frame 'E916EE5BDA6954C560FEA6AF557DD65A'.. F5 tải lại...
[2026-09-17T17:19:45.966Z] [Warn] [hunggreen0004@maildrop.cc] Tự động đăng nhập thất bại sau 3 lần. Đang đợi bạn thao tác tay trên trình duyệt...
[2026-09-17T17:19:45.968Z] [Err] [hunggreen0004@maildrop.cc] Quá thời gian chờ đăng nhập (10 phút) hoặc trình duyệt đã bị tắt.
[2026-09-17T17:19:46.339Z] [Process] [hunggreen0003@maildrop.cc] Đã đóng trình duyệt.
[2026-09-17T17:19:46.341Z] [Process] [hunggreen0006@maildrop.cc] Đang mở trình duyệt (Tọa độ: 0,500)...
[2026-09-17T17:19:46.703Z] [Warn] [hunggreen0005@maildrop.cc] Đang cố gắng tự động điền thông tin đăng nhập (Lần thử 2/3)...
[2026-09-17T17:19:46.704Z] [Warn] [hunggreen0005@maildrop.cc] Lỗi tự động điền: Attempted to use detached Frame 'DA6B251F8ADB31B6A31FAC56C7BF35EE'.. F5 tải lại...
[2026-09-17T17:19:46.704Z] [Warn] [hunggreen0005@maildrop.cc] Đang cố gắng tự động điền thông tin đăng nhập (Lần thử 3/3)...
[2026-09-17T17:19:46.705Z] [Warn] [hunggreen0005@maildrop.cc] Lỗi tự động điền: Attempted to use detached Frame 'DA6B251F8ADB31B6A31FAC56C7BF35EE'.. F5 tải lại...
[2026-09-17T17:19:46.705Z] [Warn] [hunggreen0005@maildrop.cc] Tự động đăng nhập thất bại sau 3 lần. Đang đợi bạn thao tác tay trên trình duyệt...
[2026-09-17T17:19:46.706Z] [Err] [hunggreen0005@maildrop.cc] Quá thời gian chờ đăng nhập (10 phút) hoặc trình duyệt đã bị tắt.
[2026-09-17T17:19:47.394Z] [Process] [hunggreen0002@maildrop.cc] Đã đóng trình duyệt.
[2026-09-17T17:19:47.395Z] [Process] [hunggreen0007@maildrop.cc] Đang mở trình duyệt (Tọa độ: 350,500)...
[2026-09-17T17:19:47.959Z] [Process] [hunggreen0004@maildrop.cc] Đã đóng trình duyệt.
[2026-09-17T17:19:47.960Z] [Process] [hunggreen0008@maildrop.cc] Đang mở trình duyệt (Tọa độ: 0,750)...
[2026-09-17T17:19:48.840Z] [Process] [hunggreen0005@maildrop.cc] Đã đóng trình duyệt.
[2026-09-17T17:19:48.844Z] [Process] [hunggreen0009@maildrop.cc] Đang mở trình duyệt (Tọa độ: 350,750)...
[2026-09-17T17:19:51.988Z] [Warn] [hunggreen0007@maildrop.cc] Đang cố gắng tự động điền thông tin đăng nhập (Lần thử 1/3)...
[2026-09-17T17:19:52.632Z] [Warn] [hunggreen0008@maildrop.cc] Đang cố gắng tự động điền thông tin đăng nhập (Lần thử 1/3)...
[2026-09-17T17:19:53.197Z] [Warn] [hunggreen0009@maildrop.cc] Đang cố gắng tự động điền thông tin đăng nhập (Lần thử 1/3)...
[2026-09-17T17:20:20.632Z] [Output] [hunggreen0006@maildrop.cc] Đã có sẵn phiên đăng nhập (Không cần làm gì thêm).
[2026-09-17T17:20:22.031Z] [Warn] [hunggreen0007@maildrop.cc] Đăng nhập chưa chuyển trang. Đợi 5s rồi F5 tải lại...
[2026-09-17T17:20:22.648Z] [Warn] [hunggreen0008@maildrop.cc] Đăng nhập chưa chuyển trang. Đợi 5s rồi F5 tải lại...
[2026-09-17T17:20:22.829Z] [Process] [hunggreen0006@maildrop.cc] Đã đóng trình duyệt.
[2026-09-17T17:20:22.830Z] [Process] [hunggreen0011@maildrop.cc] Đang mở trình duyệt (Tọa độ: 0,1000)...
[2026-09-17T17:20:23.209Z] [Warn] [hunggreen0009@maildrop.cc] Đăng nhập chưa chuyển trang. Đợi 5s rồi F5 tải lại...
[2026-09-17T17:20:26.656Z] [Warn] [hunggreen0011@maildrop.cc] Đang cố gắng tự động điền thông tin đăng nhập (Lần thử 1/3)...
[2026-09-17T17:20:28.470Z] [Warn] [hunggreen0007@maildrop.cc] Đang cố gắng tự động điền thông tin đăng nhập (Lần thử 2/3)...
[2026-09-17T17:20:28.728Z] [Warn] [hunggreen0008@maildrop.cc] Đang cố gắng tự động điền thông tin đăng nhập (Lần thử 2/3)...
[2026-09-17T17:20:29.233Z] [Warn] [hunggreen0009@maildrop.cc] Đang cố gắng tự động điền thông tin đăng nhập (Lần thử 2/3)...
[2026-09-17T17:20:52.951Z] [Process] Process exited with code null
[2026-09-17T17:21:26.247Z] [Input] Starting Script: b4_join_team.mjs
[
  "hunggreen0002@maildrop.cc,hunggreen0003@maildrop.cc,hunggreen0004@maildrop.cc,hunggreen0005@maildrop.cc,hunggreen0006@maildrop.cc,hunggreen0007@maildrop.cc,hunggreen0008@maildrop.cc,hunggreen0009@maildrop.cc,hunggreen0011@maildrop.cc,hunggreen0012@maildrop.cc,hunggreen0013@maildrop.cc,hunggreen0016@maildrop.cc,hunggreen0017@maildrop.cc,hunggreen0019@maildrop.cc,hunggreen0020@maildrop.cc,hunggreen0021@maildrop.cc,hunggreen0022@maildrop.cc,hunggreen0023@maildrop.cc,hunggreen0024@maildrop.cc,hunggreen0025@maildrop.cc",
  "https://app.getpostman.com/join-team?invite_code=e09f73c9e4dd05f21855d4babd89a884d0ed70fbff00e42b3181d3c3d4acb4cd|||https://app.getpostman.com/join-team?invite_code=cc6b9a00c45b621982549e042c9a8fc5663b37903c7bd9770bce698376b588c5|||https://app.getpostman.com/join-team?invite_code=28b440e69980c1cd478ff0943e59083073b524ccd913857c5911824df99d704b|||https://app.getpostman.com/join-team?invite_code=1ed21c9fb3dfd33d2bc27fecf04e78633fc307180589ee9bc971d792d62f5806|||https://app.getpostman.com/join-team?invite_code=7703f5fa31ff36e5a5aebcf84d10ccd64ebf640284fbe9b7d765d94213a7420d|||https://app.getpostman.com/join-team?invite_code=c2299f2840f1ce1c042e11f46931456e8990a9bf0f10ab81e452deaaab66fc39|||https://app.getpostman.com/join-team?invite_code=adf17607003ec32470661d3aa25881c3bfe0bb1e41e83c35b9b4704fbd165712|||https://app.getpostman.com/join-team?invite_code=28a93c3b8cd086bd3f10ca8ad5bcac591609ae7a08d42e4f2dc6f2a459118121",
  "4",
  "chrome"
]
[2026-09-17T17:21:26.642Z] [Process] Bắt đầu Batch Join Team. Tổng số profile: 20. Tổng số Link mời: 8
[2026-09-17T17:21:26.643Z] [Process] Đang mở trình duyệt cho hunggreen0002@maildrop.cc (Tọa độ: X=0, Y=0)...
[2026-09-17T17:21:26.644Z] [Process] Đang mở trình duyệt cho hunggreen0003@maildrop.cc (Tọa độ: X=350, Y=0)...
[2026-09-17T17:21:26.645Z] [Process] Đang mở trình duyệt cho hunggreen0004@maildrop.cc (Tọa độ: X=0, Y=250)...
[2026-09-17T17:21:26.645Z] [Process] Đang mở trình duyệt cho hunggreen0005@maildrop.cc (Tọa độ: X=350, Y=250)...
[2026-09-17T17:21:28.197Z] [Process] hunggreen0004@maildrop.cc - Link 1/8: Đang truy cập liên kết mời...
[2026-09-17T17:21:28.271Z] [Process] hunggreen0002@maildrop.cc - Link 1/8: Đang truy cập liên kết mời...
[2026-09-17T17:21:28.338Z] [Process] hunggreen0005@maildrop.cc - Link 1/8: Đang truy cập liên kết mời...
[2026-09-17T17:21:28.355Z] [Process] hunggreen0003@maildrop.cc - Link 1/8: Đang truy cập liên kết mời...
[2026-09-17T17:21:32.040Z] [Process] hunggreen0004@maildrop.cc - Đã click chọn tài khoản hiện tại ở màn hình Chọn Tài Khoản. Đợi tải trang...
[2026-09-17T17:21:32.150Z] [Process] hunggreen0003@maildrop.cc - Đã click chọn tài khoản hiện tại ở màn hình Chọn Tài Khoản. Đợi tải trang...
[2026-09-17T17:21:32.187Z] [Process] hunggreen0005@maildrop.cc - Đã click chọn tài khoản hiện tại ở màn hình Chọn Tài Khoản. Đợi tải trang...
[2026-09-17T17:21:32.202Z] [Process] hunggreen0002@maildrop.cc - Đã click chọn tài khoản hiện tại ở màn hình Chọn Tài Khoản. Đợi tải trang...
[2026-09-17T17:21:41.689Z] [Output] hunggreen0003@maildrop.cc - Đã có mặt tại màn hình Home/Workspace. Xong link này!
[2026-09-17T17:21:41.700Z] [Process] hunggreen0003@maildrop.cc - Link 2/8: Đang truy cập liên kết mời...
[2026-09-17T17:21:42.113Z] [Output] hunggreen0002@maildrop.cc - Đã có mặt tại màn hình Home/Workspace. Xong link này!
[2026-09-17T17:21:42.114Z] [Process] hunggreen0002@maildrop.cc - Link 2/8: Đang truy cập liên kết mời...
[2026-09-17T17:21:42.225Z] [Output] hunggreen0005@maildrop.cc - Đã có mặt tại màn hình Home/Workspace. Xong link này!
[2026-09-17T17:21:42.229Z] [Process] hunggreen0005@maildrop.cc - Link 2/8: Đang truy cập liên kết mời...
[2026-09-17T17:21:43.125Z] [Output] hunggreen0004@maildrop.cc - Đã có mặt tại màn hình Home/Workspace. Xong link này!
[2026-09-17T17:21:43.126Z] [Process] hunggreen0004@maildrop.cc - Link 2/8: Đang truy cập liên kết mời...
[2026-09-17T17:21:46.047Z] [Process] hunggreen0003@maildrop.cc - Đã click chọn tài khoản hiện tại ở màn hình Chọn Tài Khoản. Đợi tải trang...
[2026-09-17T17:21:46.435Z] [Process] hunggreen0002@maildrop.cc - Đã click chọn tài khoản hiện tại ở màn hình Chọn Tài Khoản. Đợi tải trang...
[2026-09-17T17:21:46.517Z] [Process] hunggreen0005@maildrop.cc - Đã click chọn tài khoản hiện tại ở màn hình Chọn Tài Khoản. Đợi tải trang...
[2026-09-17T17:21:47.470Z] [Process] hunggreen0004@maildrop.cc - Đã click chọn tài khoản hiện tại ở màn hình Chọn Tài Khoản. Đợi tải trang...
[2026-09-17T17:21:57.101Z] [Process] hunggreen0003@maildrop.cc - Link 2: Đang chờ chuyển trang hoặc load UI (URL: https://app.getpostman.com/web-invite-accept?invite_code=cc6b9a00c45b621982549e042c9a8fc5663b37903c7bd9770bce698376b588c5&signup=false&preserve_personal_context=false&provided_consent_for_multi_team_enablement=false&continue=https%3A%2F%2Fgo.postman.co%2Fhome&authFlowId=f9fceded-0e4d-4581-a5a6-21fe4abb40ec)...
[2026-09-17T17:21:57.479Z] [Process] hunggreen0002@maildrop.cc - Link 2: Đang chờ chuyển trang hoặc load UI (URL: https://app.getpostman.com/web-invite-accept?invite_code=cc6b9a00c45b621982549e042c9a8fc5663b37903c7bd9770bce698376b588c5&signup=false&preserve_personal_context=false&provided_consent_for_multi_team_enablement=false&continue=https%3A%2F%2Fgo.postman.co%2Fhome&authFlowId=51348e59-b936-460a-8bf6-5db2496c1c14)...
[2026-09-17T17:21:57.564Z] [Process] hunggreen0005@maildrop.cc - Link 2: Đang chờ chuyển trang hoặc load UI (URL: https://app.getpostman.com/web-invite-accept?invite_code=cc6b9a00c45b621982549e042c9a8fc5663b37903c7bd9770bce698376b588c5&signup=false&preserve_personal_context=false&provided_consent_for_multi_team_enablement=false&continue=https%3A%2F%2Fgo.postman.co%2Fhome&authFlowId=ad4347c8-a14d-4536-a610-87377dbd96cf)...
[2026-09-17T17:21:58.518Z] [Process] hunggreen0004@maildrop.cc - Link 2: Đang chờ chuyển trang hoặc load UI (URL: https://app.getpostman.com/web-invite-accept?invite_code=cc6b9a00c45b621982549e042c9a8fc5663b37903c7bd9770bce698376b588c5&signup=false&preserve_personal_context=false&provided_consent_for_multi_team_enablement=false&continue=https%3A%2F%2Fgo.postman.co%2Fhome&authFlowId=9c391808-2fbd-40df-ac11-6bee2bfc2d94)...
[2026-09-17T17:22:07.188Z] [Process] hunggreen0003@maildrop.cc - Link 2: Đang chờ chuyển trang hoặc load UI (URL: https://app.getpostman.com/web-invite-accept?invite_code=cc6b9a00c45b621982549e042c9a8fc5663b37903c7bd9770bce698376b588c5&signup=false&preserve_personal_context=false&provided_consent_for_multi_team_enablement=false&continue=https%3A%2F%2Fgo.postman.co%2Fhome&authFlowId=f9fceded-0e4d-4581-a5a6-21fe4abb40ec)...
[2026-09-17T17:22:07.559Z] [Process] hunggreen0002@maildrop.cc - Link 2: Đang chờ chuyển trang hoặc load UI (URL: https://app.getpostman.com/web-invite-accept?invite_code=cc6b9a00c45b621982549e042c9a8fc5663b37903c7bd9770bce698376b588c5&signup=false&preserve_personal_context=false&provided_consent_for_multi_team_enablement=false&continue=https%3A%2F%2Fgo.postman.co%2Fhome&authFlowId=51348e59-b936-460a-8bf6-5db2496c1c14)...
[2026-09-17T17:22:07.633Z] [Process] hunggreen0005@maildrop.cc - Link 2: Đang chờ chuyển trang hoặc load UI (URL: https://app.getpostman.com/web-invite-accept?invite_code=cc6b9a00c45b621982549e042c9a8fc5663b37903c7bd9770bce698376b588c5&signup=false&preserve_personal_context=false&provided_consent_for_multi_team_enablement=false&continue=https%3A%2F%2Fgo.postman.co%2Fhome&authFlowId=ad4347c8-a14d-4536-a610-87377dbd96cf)...
[2026-09-17T17:22:08.591Z] [Process] hunggreen0004@maildrop.cc - Link 2: Đang chờ chuyển trang hoặc load UI (URL: https://app.getpostman.com/web-invite-accept?invite_code=cc6b9a00c45b621982549e042c9a8fc5663b37903c7bd9770bce698376b588c5&signup=false&preserve_personal_context=false&provided_consent_for_multi_team_enablement=false&continue=https%3A%2F%2Fgo.postman.co%2Fhome&authFlowId=9c391808-2fbd-40df-ac11-6bee2bfc2d94)...
[2026-09-17T17:22:17.244Z] [Process] hunggreen0003@maildrop.cc - Link 2: Đang chờ chuyển trang hoặc load UI (URL: https://app.getpostman.com/web-invite-accept?invite_code=cc6b9a00c45b621982549e042c9a8fc5663b37903c7bd9770bce698376b588c5&signup=false&preserve_personal_context=false&provided_consent_for_multi_team_enablement=false&continue=https%3A%2F%2Fgo.postman.co%2Fhome&authFlowId=f9fceded-0e4d-4581-a5a6-21fe4abb40ec)...
[2026-09-17T17:22:17.644Z] [Process] hunggreen0002@maildrop.cc - Link 2: Đang chờ chuyển trang hoặc load UI (URL: https://app.getpostman.com/web-invite-accept?invite_code=cc6b9a00c45b621982549e042c9a8fc5663b37903c7bd9770bce698376b588c5&signup=false&preserve_personal_context=false&provided_consent_for_multi_team_enablement=false&continue=https%3A%2F%2Fgo.postman.co%2Fhome&authFlowId=51348e59-b936-460a-8bf6-5db2496c1c14)...
[2026-09-17T17:22:17.710Z] [Process] hunggreen0005@maildrop.cc - Link 2: Đang chờ chuyển trang hoặc load UI (URL: https://app.getpostman.com/web-invite-accept?invite_code=cc6b9a00c45b621982549e042c9a8fc5663b37903c7bd9770bce698376b588c5&signup=false&preserve_personal_context=false&provided_consent_for_multi_team_enablement=false&continue=https%3A%2F%2Fgo.postman.co%2Fhome&authFlowId=ad4347c8-a14d-4536-a610-87377dbd96cf)...
[2026-09-17T17:22:18.686Z] [Process] hunggreen0004@maildrop.cc - Link 2: Đang chờ chuyển trang hoặc load UI (URL: https://app.getpostman.com/web-invite-accept?invite_code=cc6b9a00c45b621982549e042c9a8fc5663b37903c7bd9770bce698376b588c5&signup=false&preserve_personal_context=false&provided_consent_for_multi_team_enablement=false&continue=https%3A%2F%2Fgo.postman.co%2Fhome&authFlowId=9c391808-2fbd-40df-ac11-6bee2bfc2d94)...
[2026-09-17T17:22:27.338Z] [Process] hunggreen0003@maildrop.cc - Link 2: Đang chờ chuyển trang hoặc load UI (URL: https://app.getpostman.com/web-invite-accept?invite_code=cc6b9a00c45b621982549e042c9a8fc5663b37903c7bd9770bce698376b588c5&signup=false&preserve_personal_context=false&provided_consent_for_multi_team_enablement=false&continue=https%3A%2F%2Fgo.postman.co%2Fhome&authFlowId=f9fceded-0e4d-4581-a5a6-21fe4abb40ec)...
[2026-09-17T17:22:27.722Z] [Process] hunggreen0002@maildrop.cc - Link 2: Đang chờ chuyển trang hoặc load UI (URL: https://app.getpostman.com/web-invite-accept?invite_code=cc6b9a00c45b621982549e042c9a8fc5663b37903c7bd9770bce698376b588c5&signup=false&preserve_personal_context=false&provided_consent_for_multi_team_enablement=false&continue=https%3A%2F%2Fgo.postman.co%2Fhome&authFlowId=51348e59-b936-460a-8bf6-5db2496c1c14)...
[2026-09-17T17:22:27.774Z] [Process] hunggreen0005@maildrop.cc - Link 2: Đang chờ chuyển trang hoặc load UI (URL: https://app.getpostman.com/web-invite-accept?invite_code=cc6b9a00c45b621982549e042c9a8fc5663b37903c7bd9770bce698376b588c5&signup=false&preserve_personal_context=false&provided_consent_for_multi_team_enablement=false&continue=https%3A%2F%2Fgo.postman.co%2Fhome&authFlowId=ad4347c8-a14d-4536-a610-87377dbd96cf)...
[2026-09-17T17:22:28.752Z] [Process] hunggreen0004@maildrop.cc - Link 2: Đang chờ chuyển trang hoặc load UI (URL: https://app.getpostman.com/web-invite-accept?invite_code=cc6b9a00c45b621982549e042c9a8fc5663b37903c7bd9770bce698376b588c5&signup=false&preserve_personal_context=false&provided_consent_for_multi_team_enablement=false&continue=https%3A%2F%2Fgo.postman.co%2Fhome&authFlowId=9c391808-2fbd-40df-ac11-6bee2bfc2d94)...
[2026-09-17T17:22:37.414Z] [Process] hunggreen0003@maildrop.cc - Link 2: Đang chờ chuyển trang hoặc load UI (URL: https://app.getpostman.com/web-invite-accept?invite_code=cc6b9a00c45b621982549e042c9a8fc5663b37903c7bd9770bce698376b588c5&signup=false&preserve_personal_context=false&provided_consent_for_multi_team_enablement=false&continue=https%3A%2F%2Fgo.postman.co%2Fhome&authFlowId=f9fceded-0e4d-4581-a5a6-21fe4abb40ec)...
[2026-09-17T17:22:37.802Z] [Process] hunggreen0002@maildrop.cc - Link 2: Đang chờ chuyển trang hoặc load UI (URL: https://app.getpostman.com/web-invite-accept?invite_code=cc6b9a00c45b621982549e042c9a8fc5663b37903c7bd9770bce698376b588c5&signup=false&preserve_personal_context=false&provided_consent_for_multi_team_enablement=false&continue=https%3A%2F%2Fgo.postman.co%2Fhome&authFlowId=51348e59-b936-460a-8bf6-5db2496c1c14)...
[2026-09-17T17:22:37.846Z] [Process] hunggreen0005@maildrop.cc - Link 2: Đang chờ chuyển trang hoặc load UI (URL: https://app.getpostman.com/web-invite-accept?invite_code=cc6b9a00c45b621982549e042c9a8fc5663b37903c7bd9770bce698376b588c5&signup=false&preserve_personal_context=false&provided_consent_for_multi_team_enablement=false&continue=https%3A%2F%2Fgo.postman.co%2Fhome&authFlowId=ad4347c8-a14d-4536-a610-87377dbd96cf)...
[2026-09-17T17:22:38.835Z] [Process] hunggreen0004@maildrop.cc - Link 2: Đang chờ chuyển trang hoặc load UI (URL: https://app.getpostman.com/web-invite-accept?invite_code=cc6b9a00c45b621982549e042c9a8fc5663b37903c7bd9770bce698376b588c5&signup=false&preserve_personal_context=false&provided_consent_for_multi_team_enablement=false&continue=https%3A%2F%2Fgo.postman.co%2Fhome&authFlowId=9c391808-2fbd-40df-ac11-6bee2bfc2d94)...
[2026-09-17T17:22:47.485Z] [Process] hunggreen0003@maildrop.cc - Link 2: Đang chờ chuyển trang hoặc load UI (URL: https://app.getpostman.com/web-invite-accept?invite_code=cc6b9a00c45b621982549e042c9a8fc5663b37903c7bd9770bce698376b588c5&signup=false&preserve_personal_context=false&provided_consent_for_multi_team_enablement=false&continue=https%3A%2F%2Fgo.postman.co%2Fhome&authFlowId=f9fceded-0e4d-4581-a5a6-21fe4abb40ec)...
[2026-09-17T17:22:47.869Z] [Process] hunggreen0002@maildrop.cc - Link 2: Đang chờ chuyển trang hoặc load UI (URL: https://app.getpostman.com/web-invite-accept?invite_code=cc6b9a00c45b621982549e042c9a8fc5663b37903c7bd9770bce698376b588c5&signup=false&preserve_personal_context=false&provided_consent_for_multi_team_enablement=false&continue=https%3A%2F%2Fgo.postman.co%2Fhome&authFlowId=51348e59-b936-460a-8bf6-5db2496c1c14)...
[2026-09-17T17:22:47.927Z] [Process] hunggreen0005@maildrop.cc - Link 2: Đang chờ chuyển trang hoặc load UI (URL: https://app.getpostman.com/web-invite-accept?invite_code=cc6b9a00c45b621982549e042c9a8fc5663b37903c7bd9770bce698376b588c5&signup=false&preserve_personal_context=false&provided_consent_for_multi_team_enablement=false&continue=https%3A%2F%2Fgo.postman.co%2Fhome&authFlowId=ad4347c8-a14d-4536-a610-87377dbd96cf)...
[2026-09-17T17:22:48.917Z] [Process] hunggreen0004@maildrop.cc - Link 2: Đang chờ chuyển trang hoặc load UI (URL: https://app.getpostman.com/web-invite-accept?invite_code=cc6b9a00c45b621982549e042c9a8fc5663b37903c7bd9770bce698376b588c5&signup=false&preserve_personal_context=false&provided_consent_for_multi_team_enablement=false&continue=https%3A%2F%2Fgo.postman.co%2Fhome&authFlowId=9c391808-2fbd-40df-ac11-6bee2bfc2d94)...
[2026-09-17T17:22:57.562Z] [Process] hunggreen0003@maildrop.cc - Link 2: Đang chờ chuyển trang hoặc load UI (URL: https://app.getpostman.com/web-invite-accept?invite_code=cc6b9a00c45b621982549e042c9a8fc5663b37903c7bd9770bce698376b588c5&signup=false&preserve_personal_context=false&provided_consent_for_multi_team_enablement=false&continue=https%3A%2F%2Fgo.postman.co%2Fhome&authFlowId=f9fceded-0e4d-4581-a5a6-21fe4abb40ec)...
[2026-09-17T17:22:57.939Z] [Process] hunggreen0002@maildrop.cc - Link 2: Đang chờ chuyển trang hoặc load UI (URL: https://app.getpostman.com/web-invite-accept?invite_code=cc6b9a00c45b621982549e042c9a8fc5663b37903c7bd9770bce698376b588c5&signup=false&preserve_personal_context=false&provided_consent_for_multi_team_enablement=false&continue=https%3A%2F%2Fgo.postman.co%2Fhome&authFlowId=51348e59-b936-460a-8bf6-5db2496c1c14)...
[2026-09-17T17:22:57.990Z] [Process] hunggreen0005@maildrop.cc - Link 2: Đang chờ chuyển trang hoặc load UI (URL: https://app.getpostman.com/web-invite-accept?invite_code=cc6b9a00c45b621982549e042c9a8fc5663b37903c7bd9770bce698376b588c5&signup=false&preserve_personal_context=false&provided_consent_for_multi_team_enablement=false&continue=https%3A%2F%2Fgo.postman.co%2Fhome&authFlowId=ad4347c8-a14d-4536-a610-87377dbd96cf)...
[2026-09-17T17:22:59.000Z] [Process] hunggreen0004@maildrop.cc - Link 2: Đang chờ chuyển trang hoặc load UI (URL: https://app.getpostman.com/web-invite-accept?invite_code=cc6b9a00c45b621982549e042c9a8fc5663b37903c7bd9770bce698376b588c5&signup=false&preserve_personal_context=false&provided_consent_for_multi_team_enablement=false&continue=https%3A%2F%2Fgo.postman.co%2Fhome&authFlowId=9c391808-2fbd-40df-ac11-6bee2bfc2d94)...
[2026-09-17T17:23:07.653Z] [Process] hunggreen0003@maildrop.cc - Link 2: Đang chờ chuyển trang hoặc load UI (URL: https://app.getpostman.com/web-invite-accept?invite_code=cc6b9a00c45b621982549e042c9a8fc5663b37903c7bd9770bce698376b588c5&signup=false&preserve_personal_context=false&provided_consent_for_multi_team_enablement=false&continue=https%3A%2F%2Fgo.postman.co%2Fhome&authFlowId=f9fceded-0e4d-4581-a5a6-21fe4abb40ec)...
[2026-09-17T17:23:08.013Z] [Process] hunggreen0002@maildrop.cc - Link 2: Đang chờ chuyển trang hoặc load UI (URL: https://app.getpostman.com/web-invite-accept?invite_code=cc6b9a00c45b621982549e042c9a8fc5663b37903c7bd9770bce698376b588c5&signup=false&preserve_personal_context=false&provided_consent_for_multi_team_enablement=false&continue=https%3A%2F%2Fgo.postman.co%2Fhome&authFlowId=51348e59-b936-460a-8bf6-5db2496c1c14)...
[2026-09-17T17:23:08.055Z] [Process] hunggreen0005@maildrop.cc - Link 2: Đang chờ chuyển trang hoặc load UI (URL: https://app.getpostman.com/web-invite-accept?invite_code=cc6b9a00c45b621982549e042c9a8fc5663b37903c7bd9770bce698376b588c5&signup=false&preserve_personal_context=false&provided_consent_for_multi_team_enablement=false&continue=https%3A%2F%2Fgo.postman.co%2Fhome&authFlowId=ad4347c8-a14d-4536-a610-87377dbd96cf)...
[2026-09-17T17:23:09.079Z] [Process] hunggreen0004@maildrop.cc - Link 2: Đang chờ chuyển trang hoặc load UI (URL: https://app.getpostman.com/web-invite-accept?invite_code=cc6b9a00c45b621982549e042c9a8fc5663b37903c7bd9770bce698376b588c5&signup=false&preserve_personal_context=false&provided_consent_for_multi_team_enablement=false&continue=https%3A%2F%2Fgo.postman.co%2Fhome&authFlowId=9c391808-2fbd-40df-ac11-6bee2bfc2d94)...
[2026-09-17T17:23:17.729Z] [Process] hunggreen0003@maildrop.cc - Link 2: Đang chờ chuyển trang hoặc load UI (URL: https://app.getpostman.com/web-invite-accept?invite_code=cc6b9a00c45b621982549e042c9a8fc5663b37903c7bd9770bce698376b588c5&signup=false&preserve_personal_context=false&provided_consent_for_multi_team_enablement=false&continue=https%3A%2F%2Fgo.postman.co%2Fhome&authFlowId=f9fceded-0e4d-4581-a5a6-21fe4abb40ec)...
[2026-09-17T17:23:18.094Z] [Process] hunggreen0002@maildrop.cc - Link 2: Đang chờ chuyển trang hoặc load UI (URL: https://app.getpostman.com/web-invite-accept?invite_code=cc6b9a00c45b621982549e042c9a8fc5663b37903c7bd9770bce698376b588c5&signup=false&preserve_personal_context=false&provided_consent_for_multi_team_enablement=false&continue=https%3A%2F%2Fgo.postman.co%2Fhome&authFlowId=51348e59-b936-460a-8bf6-5db2496c1c14)...
[2026-09-17T17:23:18.132Z] [Process] hunggreen0005@maildrop.cc - Link 2: Đang chờ chuyển trang hoặc load UI (URL: https://app.getpostman.com/web-invite-accept?invite_code=cc6b9a00c45b621982549e042c9a8fc5663b37903c7bd9770bce698376b588c5&signup=false&preserve_personal_context=false&provided_consent_for_multi_team_enablement=false&continue=https%3A%2F%2Fgo.postman.co%2Fhome&authFlowId=ad4347c8-a14d-4536-a610-87377dbd96cf)...
[2026-09-17T17:23:19.151Z] [Process] hunggreen0004@maildrop.cc - Link 2: Đang chờ chuyển trang hoặc load UI (URL: https://app.getpostman.com/web-invite-accept?invite_code=cc6b9a00c45b621982549e042c9a8fc5663b37903c7bd9770bce698376b588c5&signup=false&preserve_personal_context=false&provided_consent_for_multi_team_enablement=false&continue=https%3A%2F%2Fgo.postman.co%2Fhome&authFlowId=9c391808-2fbd-40df-ac11-6bee2bfc2d94)...
[2026-09-17T17:23:27.803Z] [Process] hunggreen0003@maildrop.cc - Link 2: Đang chờ chuyển trang hoặc load UI (URL: https://app.getpostman.com/web-invite-accept?invite_code=cc6b9a00c45b621982549e042c9a8fc5663b37903c7bd9770bce698376b588c5&signup=false&preserve_personal_context=false&provided_consent_for_multi_team_enablement=false&continue=https%3A%2F%2Fgo.postman.co%2Fhome&authFlowId=f9fceded-0e4d-4581-a5a6-21fe4abb40ec)...
[2026-09-17T17:23:28.175Z] [Process] hunggreen0002@maildrop.cc - Link 2: Đang chờ chuyển trang hoặc load UI (URL: https://app.getpostman.com/web-invite-accept?invite_code=cc6b9a00c45b621982549e042c9a8fc5663b37903c7bd9770bce698376b588c5&signup=false&preserve_personal_context=false&provided_consent_for_multi_team_enablement=false&continue=https%3A%2F%2Fgo.postman.co%2Fhome&authFlowId=51348e59-b936-460a-8bf6-5db2496c1c14)...
[2026-09-17T17:23:28.205Z] [Process] hunggreen0005@maildrop.cc - Link 2: Đang chờ chuyển trang hoặc load UI (URL: https://app.getpostman.com/web-invite-accept?invite_code=cc6b9a00c45b621982549e042c9a8fc5663b37903c7bd9770bce698376b588c5&signup=false&preserve_personal_context=false&provided_consent_for_multi_team_enablement=false&continue=https%3A%2F%2Fgo.postman.co%2Fhome&authFlowId=ad4347c8-a14d-4536-a610-87377dbd96cf)...
[2026-09-17T17:23:29.230Z] [Process] hunggreen0004@maildrop.cc - Link 2: Đang chờ chuyển trang hoặc load UI (URL: https://app.getpostman.com/web-invite-accept?invite_code=cc6b9a00c45b621982549e042c9a8fc5663b37903c7bd9770bce698376b588c5&signup=false&preserve_personal_context=false&provided_consent_for_multi_team_enablement=false&continue=https%3A%2F%2Fgo.postman.co%2Fhome&authFlowId=9c391808-2fbd-40df-ac11-6bee2bfc2d94)...
[2026-09-17T17:23:37.878Z] [Process] hunggreen0003@maildrop.cc - Link 2: Đang chờ chuyển trang hoặc load UI (URL: https://app.getpostman.com/web-invite-accept?invite_code=cc6b9a00c45b621982549e042c9a8fc5663b37903c7bd9770bce698376b588c5&signup=false&preserve_personal_context=false&provided_consent_for_multi_team_enablement=false&continue=https%3A%2F%2Fgo.postman.co%2Fhome&authFlowId=f9fceded-0e4d-4581-a5a6-21fe4abb40ec)...
[2026-09-17T17:23:38.270Z] [Process] hunggreen0002@maildrop.cc - Link 2: Đang chờ chuyển trang hoặc load UI (URL: https://app.getpostman.com/web-invite-accept?invite_code=cc6b9a00c45b621982549e042c9a8fc5663b37903c7bd9770bce698376b588c5&signup=false&preserve_personal_context=false&provided_consent_for_multi_team_enablement=false&continue=https%3A%2F%2Fgo.postman.co%2Fhome&authFlowId=51348e59-b936-460a-8bf6-5db2496c1c14)...
[2026-09-17T17:23:38.294Z] [Process] hunggreen0005@maildrop.cc - Link 2: Đang chờ chuyển trang hoặc load UI (URL: https://app.getpostman.com/web-invite-accept?invite_code=cc6b9a00c45b621982549e042c9a8fc5663b37903c7bd9770bce698376b588c5&signup=false&preserve_personal_context=false&provided_consent_for_multi_team_enablement=false&continue=https%3A%2F%2Fgo.postman.co%2Fhome&authFlowId=ad4347c8-a14d-4536-a610-87377dbd96cf)...
[2026-09-17T17:23:39.326Z] [Process] hunggreen0004@maildrop.cc - Link 2: Đang chờ chuyển trang hoặc load UI (URL: https://app.getpostman.com/web-invite-accept?invite_code=cc6b9a00c45b621982549e042c9a8fc5663b37903c7bd9770bce698376b588c5&signup=false&preserve_personal_context=false&provided_consent_for_multi_team_enablement=false&continue=https%3A%2F%2Fgo.postman.co%2Fhome&authFlowId=9c391808-2fbd-40df-ac11-6bee2bfc2d94)...
[2026-09-17T17:23:47.965Z] [Process] hunggreen0003@maildrop.cc - Link 2: Đang chờ chuyển trang hoặc load UI (URL: https://app.getpostman.com/web-invite-accept?invite_code=cc6b9a00c45b621982549e042c9a8fc5663b37903c7bd9770bce698376b588c5&signup=false&preserve_personal_context=false&provided_consent_for_multi_team_enablement=false&continue=https%3A%2F%2Fgo.postman.co%2Fhome&authFlowId=f9fceded-0e4d-4581-a5a6-21fe4abb40ec)...
[2026-09-17T17:23:47.968Z] [Warn] hunggreen0003@maildrop.cc - Hết thời gian chờ (120s) mà chưa join thành công Link 2.
[2026-09-17T17:23:47.970Z] [Process] hunggreen0003@maildrop.cc - Link 3/8: Đang truy cập liên kết mời...
[2026-09-17T17:23:48.355Z] [Process] hunggreen0002@maildrop.cc - Link 2: Đang chờ chuyển trang hoặc load UI (URL: https://app.getpostman.com/web-invite-accept?invite_code=cc6b9a00c45b621982549e042c9a8fc5663b37903c7bd9770bce698376b588c5&signup=false&preserve_personal_context=false&provided_consent_for_multi_team_enablement=false&continue=https%3A%2F%2Fgo.postman.co%2Fhome&authFlowId=51348e59-b936-460a-8bf6-5db2496c1c14)...
[2026-09-17T17:23:48.359Z] [Warn] hunggreen0002@maildrop.cc - Hết thời gian chờ (120s) mà chưa join thành công Link 2.
[2026-09-17T17:23:48.361Z] [Process] hunggreen0002@maildrop.cc - Link 3/8: Đang truy cập liên kết mời...
[2026-09-17T17:23:48.376Z] [Process] hunggreen0005@maildrop.cc - Link 2: Đang chờ chuyển trang hoặc load UI (URL: https://app.getpostman.com/web-invite-accept?invite_code=cc6b9a00c45b621982549e042c9a8fc5663b37903c7bd9770bce698376b588c5&signup=false&preserve_personal_context=false&provided_consent_for_multi_team_enablement=false&continue=https%3A%2F%2Fgo.postman.co%2Fhome&authFlowId=ad4347c8-a14d-4536-a610-87377dbd96cf)...
[2026-09-17T17:23:48.378Z] [Warn] hunggreen0005@maildrop.cc - Hết thời gian chờ (120s) mà chưa join thành công Link 2.
[2026-09-17T17:23:48.380Z] [Process] hunggreen0005@maildrop.cc - Link 3/8: Đang truy cập liên kết mời...
[2026-09-17T17:23:49.401Z] [Process] hunggreen0004@maildrop.cc - Link 2: Đang chờ chuyển trang hoặc load UI (URL: https://app.getpostman.com/web-invite-accept?invite_code=cc6b9a00c45b621982549e042c9a8fc5663b37903c7bd9770bce698376b588c5&signup=false&preserve_personal_context=false&provided_consent_for_multi_team_enablement=false&continue=https%3A%2F%2Fgo.postman.co%2Fhome&authFlowId=9c391808-2fbd-40df-ac11-6bee2bfc2d94)...
[2026-09-17T17:23:49.404Z] [Warn] hunggreen0004@maildrop.cc - Hết thời gian chờ (120s) mà chưa join thành công Link 2.
[2026-09-17T17:23:49.406Z] [Process] hunggreen0004@maildrop.cc - Link 3/8: Đang truy cập liên kết mời...
[2026-09-17T17:23:51.883Z] [Process] hunggreen0002@maildrop.cc - Đã click chọn tài khoản hiện tại ở màn hình Chọn Tài Khoản. Đợi tải trang...
[2026-09-17T17:23:51.903Z] [Process] hunggreen0005@maildrop.cc - Đã click chọn tài khoản hiện tại ở màn hình Chọn Tài Khoản. Đợi tải trang...
[2026-09-17T17:23:52.149Z] [Process] hunggreen0003@maildrop.cc - Đã click chọn tài khoản hiện tại ở màn hình Chọn Tài Khoản. Đợi tải trang...
[2026-09-17T17:23:52.964Z] [Process] hunggreen0004@maildrop.cc - Đã click chọn tài khoản hiện tại ở màn hình Chọn Tài Khoản. Đợi tải trang...
[2026-09-17T17:24:02.925Z] [Process] hunggreen0002@maildrop.cc - Link 3: Đang chờ chuyển trang hoặc load UI (URL: https://app.getpostman.com/web-invite-accept?invite_code=28b440e69980c1cd478ff0943e59083073b524ccd913857c5911824df99d704b&signup=false&preserve_personal_context=false&provided_consent_for_multi_team_enablement=false&continue=https%3A%2F%2Fgo.postman.co%2Fhome&authFlowId=b26b3415-d238-40c8-a8b5-baf1bd053b42)...
[2026-09-17T17:24:02.958Z] [Process] hunggreen0005@maildrop.cc - Link 3: Đang chờ chuyển trang hoặc load UI (URL: https://app.getpostman.com/web-invite-accept?invite_code=28b440e69980c1cd478ff0943e59083073b524ccd913857c5911824df99d704b&signup=false&preserve_personal_context=false&provided_consent_for_multi_team_enablement=false&continue=https%3A%2F%2Fgo.postman.co%2Fhome&authFlowId=9b525096-0cb0-47a0-bbff-d5208560ad91)...
[2026-09-17T17:24:03.207Z] [Process] hunggreen0003@maildrop.cc - Link 3: Đang chờ chuyển trang hoặc load UI (URL: https://app.getpostman.com/web-invite-accept?invite_code=28b440e69980c1cd478ff0943e59083073b524ccd913857c5911824df99d704b&signup=false&preserve_personal_context=false&provided_consent_for_multi_team_enablement=false&continue=https%3A%2F%2Fgo.postman.co%2Fhome&authFlowId=5265affc-e3c3-4737-bd8c-84a4c67d4509)...
[2026-09-17T17:24:04.110Z] [Process] hunggreen0004@maildrop.cc - Link 3: Đang chờ chuyển trang hoặc load UI (URL: https://app.getpostman.com/web-invite-accept?invite_code=28b440e69980c1cd478ff0943e59083073b524ccd913857c5911824df99d704b&signup=false&preserve_personal_context=false&provided_consent_for_multi_team_enablement=false&continue=https%3A%2F%2Fgo.postman.co%2Fhome&authFlowId=197fe564-2747-404a-b7d7-35fcee2bf158)...
[2026-09-17T17:24:12.993Z] [Process] hunggreen0002@maildrop.cc - Link 3: Đang chờ chuyển trang hoặc load UI (URL: https://app.getpostman.com/web-invite-accept?invite_code=28b440e69980c1cd478ff0943e59083073b524ccd913857c5911824df99d704b&signup=false&preserve_personal_context=false&provided_consent_for_multi_team_enablement=false&continue=https%3A%2F%2Fgo.postman.co%2Fhome&authFlowId=b26b3415-d238-40c8-a8b5-baf1bd053b42)...
[2026-09-17T17:24:13.038Z] [Process] hunggreen0005@maildrop.cc - Link 3: Đang chờ chuyển trang hoặc load UI (URL: https://app.getpostman.com/web-invite-accept?invite_code=28b440e69980c1cd478ff0943e59083073b524ccd913857c5911824df99d704b&signup=false&preserve_personal_context=false&provided_consent_for_multi_team_enablement=false&continue=https%3A%2F%2Fgo.postman.co%2Fhome&authFlowId=9b525096-0cb0-47a0-bbff-d5208560ad91)...
[2026-09-17T17:24:13.271Z] [Process] hunggreen0003@maildrop.cc - Link 3: Đang chờ chuyển trang hoặc load UI (URL: https://app.getpostman.com/web-invite-accept?invite_code=28b440e69980c1cd478ff0943e59083073b524ccd913857c5911824df99d704b&signup=false&preserve_personal_context=false&provided_consent_for_multi_team_enablement=false&continue=https%3A%2F%2Fgo.postman.co%2Fhome&authFlowId=5265affc-e3c3-4737-bd8c-84a4c67d4509)...
[2026-09-17T17:24:14.173Z] [Process] hunggreen0004@maildrop.cc - Link 3: Đang chờ chuyển trang hoặc load UI (URL: https://app.getpostman.com/web-invite-accept?invite_code=28b440e69980c1cd478ff0943e59083073b524ccd913857c5911824df99d704b&signup=false&preserve_personal_context=false&provided_consent_for_multi_team_enablement=false&continue=https%3A%2F%2Fgo.postman.co%2Fhome&authFlowId=197fe564-2747-404a-b7d7-35fcee2bf158)...
[2026-09-17T17:24:23.085Z] [Process] hunggreen0002@maildrop.cc - Link 3: Đang chờ chuyển trang hoặc load UI (URL: https://app.getpostman.com/web-invite-accept?invite_code=28b440e69980c1cd478ff0943e59083073b524ccd913857c5911824df99d704b&signup=false&preserve_personal_context=false&provided_consent_for_multi_team_enablement=false&continue=https%3A%2F%2Fgo.postman.co%2Fhome&authFlowId=b26b3415-d238-40c8-a8b5-baf1bd053b42)...
[2026-09-17T17:24:23.117Z] [Process] hunggreen0005@maildrop.cc - Link 3: Đang chờ chuyển trang hoặc load UI (URL: https://app.getpostman.com/web-invite-accept?invite_code=28b440e69980c1cd478ff0943e59083073b524ccd913857c5911824df99d704b&signup=false&preserve_personal_context=false&provided_consent_for_multi_team_enablement=false&continue=https%3A%2F%2Fgo.postman.co%2Fhome&authFlowId=9b525096-0cb0-47a0-bbff-d5208560ad91)...
[2026-09-17T17:24:23.345Z] [Process] hunggreen0003@maildrop.cc - Link 3: Đang chờ chuyển trang hoặc load UI (URL: https://app.getpostman.com/web-invite-accept?invite_code=28b440e69980c1cd478ff0943e59083073b524ccd913857c5911824df99d704b&signup=false&preserve_personal_context=false&provided_consent_for_multi_team_enablement=false&continue=https%3A%2F%2Fgo.postman.co%2Fhome&authFlowId=5265affc-e3c3-4737-bd8c-84a4c67d4509)...
[2026-09-17T17:24:24.242Z] [Process] hunggreen0004@maildrop.cc - Link 3: Đang chờ chuyển trang hoặc load UI (URL: https://app.getpostman.com/web-invite-accept?invite_code=28b440e69980c1cd478ff0943e59083073b524ccd913857c5911824df99d704b&signup=false&preserve_personal_context=false&provided_consent_for_multi_team_enablement=false&continue=https%3A%2F%2Fgo.postman.co%2Fhome&authFlowId=197fe564-2747-404a-b7d7-35fcee2bf158)...
[2026-09-17T17:24:33.175Z] [Process] hunggreen0002@maildrop.cc - Link 3: Đang chờ chuyển trang hoặc load UI (URL: https://app.getpostman.com/web-invite-accept?invite_code=28b440e69980c1cd478ff0943e59083073b524ccd913857c5911824df99d704b&signup=false&preserve_personal_context=false&provided_consent_for_multi_team_enablement=false&continue=https%3A%2F%2Fgo.postman.co%2Fhome&authFlowId=b26b3415-d238-40c8-a8b5-baf1bd053b42)...
[2026-09-17T17:24:33.195Z] [Process] hunggreen0005@maildrop.cc - Link 3: Đang chờ chuyển trang hoặc load UI (URL: https://app.getpostman.com/web-invite-accept?invite_code=28b440e69980c1cd478ff0943e59083073b524ccd913857c5911824df99d704b&signup=false&preserve_personal_context=false&provided_consent_for_multi_team_enablement=false&continue=https%3A%2F%2Fgo.postman.co%2Fhome&authFlowId=9b525096-0cb0-47a0-bbff-d5208560ad91)...
[2026-09-17T17:24:33.425Z] [Process] hunggreen0003@maildrop.cc - Link 3: Đang chờ chuyển trang hoặc load UI (URL: https://app.getpostman.com/web-invite-accept?invite_code=28b440e69980c1cd478ff0943e59083073b524ccd913857c5911824df99d704b&signup=false&preserve_personal_context=false&provided_consent_for_multi_team_enablement=false&continue=https%3A%2F%2Fgo.postman.co%2Fhome&authFlowId=5265affc-e3c3-4737-bd8c-84a4c67d4509)...
[2026-09-17T17:24:34.302Z] [Process] hunggreen0004@maildrop.cc - Link 3: Đang chờ chuyển trang hoặc load UI (URL: https://app.getpostman.com/web-invite-accept?invite_code=28b440e69980c1cd478ff0943e59083073b524ccd913857c5911824df99d704b&signup=false&preserve_personal_context=false&provided_consent_for_multi_team_enablement=false&continue=https%3A%2F%2Fgo.postman.co%2Fhome&authFlowId=197fe564-2747-404a-b7d7-35fcee2bf158)...
[2026-09-17T17:24:43.239Z] [Process] hunggreen0002@maildrop.cc - Link 3: Đang chờ chuyển trang hoặc load UI (URL: https://app.getpostman.com/web-invite-accept?invite_code=28b440e69980c1cd478ff0943e59083073b524ccd913857c5911824df99d704b&signup=false&preserve_personal_context=false&provided_consent_for_multi_team_enablement=false&continue=https%3A%2F%2Fgo.postman.co%2Fhome&authFlowId=b26b3415-d238-40c8-a8b5-baf1bd053b42)...
[2026-09-17T17:24:43.255Z] [Process] hunggreen0005@maildrop.cc - Link 3: Đang chờ chuyển trang hoặc load UI (URL: https://app.getpostman.com/web-invite-accept?invite_code=28b440e69980c1cd478ff0943e59083073b524ccd913857c5911824df99d704b&signup=false&preserve_personal_context=false&provided_consent_for_multi_team_enablement=false&continue=https%3A%2F%2Fgo.postman.co%2Fhome&authFlowId=9b525096-0cb0-47a0-bbff-d5208560ad91)...
[2026-09-17T17:24:43.500Z] [Process] hunggreen0003@maildrop.cc - Link 3: Đang chờ chuyển trang hoặc load UI (URL: https://app.getpostman.com/web-invite-accept?invite_code=28b440e69980c1cd478ff0943e59083073b524ccd913857c5911824df99d704b&signup=false&preserve_personal_context=false&provided_consent_for_multi_team_enablement=false&continue=https%3A%2F%2Fgo.postman.co%2Fhome&authFlowId=5265affc-e3c3-4737-bd8c-84a4c67d4509)...
[2026-09-17T17:24:44.392Z] [Process] hunggreen0004@maildrop.cc - Link 3: Đang chờ chuyển trang hoặc load UI (URL: https://app.getpostman.com/web-invite-accept?invite_code=28b440e69980c1cd478ff0943e59083073b524ccd913857c5911824df99d704b&signup=false&preserve_personal_context=false&provided_consent_for_multi_team_enablement=false&continue=https%3A%2F%2Fgo.postman.co%2Fhome&authFlowId=197fe564-2747-404a-b7d7-35fcee2bf158)...
[2026-09-17T17:24:53.318Z] [Process] hunggreen0002@maildrop.cc - Link 3: Đang chờ chuyển trang hoặc load UI (URL: https://app.getpostman.com/web-invite-accept?invite_code=28b440e69980c1cd478ff0943e59083073b524ccd913857c5911824df99d704b&signup=false&preserve_personal_context=false&provided_consent_for_multi_team_enablement=false&continue=https%3A%2F%2Fgo.postman.co%2Fhome&authFlowId=b26b3415-d238-40c8-a8b5-baf1bd053b42)...
[2026-09-17T17:24:53.331Z] [Process] hunggreen0005@maildrop.cc - Link 3: Đang chờ chuyển trang hoặc load UI (URL: https://app.getpostman.com/web-invite-accept?invite_code=28b440e69980c1cd478ff0943e59083073b524ccd913857c5911824df99d704b&signup=false&preserve_personal_context=false&provided_consent_for_multi_team_enablement=false&continue=https%3A%2F%2Fgo.postman.co%2Fhome&authFlowId=9b525096-0cb0-47a0-bbff-d5208560ad91)...
[2026-09-17T17:24:53.574Z] [Process] hunggreen0003@maildrop.cc - Link 3: Đang chờ chuyển trang hoặc load UI (URL: https://app.getpostman.com/web-invite-accept?invite_code=28b440e69980c1cd478ff0943e59083073b524ccd913857c5911824df99d704b&signup=false&preserve_personal_context=false&provided_consent_for_multi_team_enablement=false&continue=https%3A%2F%2Fgo.postman.co%2Fhome&authFlowId=5265affc-e3c3-4737-bd8c-84a4c67d4509)...
[2026-09-17T17:24:54.459Z] [Process] hunggreen0004@maildrop.cc - Link 3: Đang chờ chuyển trang hoặc load UI (URL: https://app.getpostman.com/web-invite-accept?invite_code=28b440e69980c1cd478ff0943e59083073b524ccd913857c5911824df99d704b&signup=false&preserve_personal_context=false&provided_consent_for_multi_team_enablement=false&continue=https%3A%2F%2Fgo.postman.co%2Fhome&authFlowId=197fe564-2747-404a-b7d7-35fcee2bf158)...
[2026-09-17T17:25:03.395Z] [Process] hunggreen0002@maildrop.cc - Link 3: Đang chờ chuyển trang hoặc load UI (URL: https://app.getpostman.com/web-invite-accept?invite_code=28b440e69980c1cd478ff0943e59083073b524ccd913857c5911824df99d704b&signup=false&preserve_personal_context=false&provided_consent_for_multi_team_enablement=false&continue=https%3A%2F%2Fgo.postman.co%2Fhome&authFlowId=b26b3415-d238-40c8-a8b5-baf1bd053b42)...
[2026-09-17T17:25:03.403Z] [Process] hunggreen0005@maildrop.cc - Link 3: Đang chờ chuyển trang hoặc load UI (URL: https://app.getpostman.com/web-invite-accept?invite_code=28b440e69980c1cd478ff0943e59083073b524ccd913857c5911824df99d704b&signup=false&preserve_personal_context=false&provided_consent_for_multi_team_enablement=false&continue=https%3A%2F%2Fgo.postman.co%2Fhome&authFlowId=9b525096-0cb0-47a0-bbff-d5208560ad91)...
[2026-09-17T17:25:03.622Z] [Process] hunggreen0003@maildrop.cc - Link 3: Đang chờ chuyển trang hoặc load UI (URL: https://app.getpostman.com/web-invite-accept?invite_code=28b440e69980c1cd478ff0943e59083073b524ccd913857c5911824df99d704b&signup=false&preserve_personal_context=false&provided_consent_for_multi_team_enablement=false&continue=https%3A%2F%2Fgo.postman.co%2Fhome&authFlowId=5265affc-e3c3-4737-bd8c-84a4c67d4509)...
[2026-09-17T17:25:04.537Z] [Process] hunggreen0004@maildrop.cc - Link 3: Đang chờ chuyển trang hoặc load UI (URL: https://app.getpostman.com/web-invite-accept?invite_code=28b440e69980c1cd478ff0943e59083073b524ccd913857c5911824df99d704b&signup=false&preserve_personal_context=false&provided_consent_for_multi_team_enablement=false&continue=https%3A%2F%2Fgo.postman.co%2Fhome&authFlowId=197fe564-2747-404a-b7d7-35fcee2bf158)...
[2026-09-17T17:25:13.481Z] [Process] hunggreen0002@maildrop.cc - Link 3: Đang chờ chuyển trang hoặc load UI (URL: https://app.getpostman.com/web-invite-accept?invite_code=28b440e69980c1cd478ff0943e59083073b524ccd913857c5911824df99d704b&signup=false&preserve_personal_context=false&provided_consent_for_multi_team_enablement=false&continue=https%3A%2F%2Fgo.postman.co%2Fhome&authFlowId=b26b3415-d238-40c8-a8b5-baf1bd053b42)...
[2026-09-17T17:25:13.486Z] [Process] hunggreen0005@maildrop.cc - Link 3: Đang chờ chuyển trang hoặc load UI (URL: https://app.getpostman.com/web-invite-accept?invite_code=28b440e69980c1cd478ff0943e59083073b524ccd913857c5911824df99d704b&signup=false&preserve_personal_context=false&provided_consent_for_multi_team_enablement=false&continue=https%3A%2F%2Fgo.postman.co%2Fhome&authFlowId=9b525096-0cb0-47a0-bbff-d5208560ad91)...
[2026-09-17T17:25:13.694Z] [Process] hunggreen0003@maildrop.cc - Link 3: Đang chờ chuyển trang hoặc load UI (URL: https://app.getpostman.com/web-invite-accept?invite_code=28b440e69980c1cd478ff0943e59083073b524ccd913857c5911824df99d704b&signup=false&preserve_personal_context=false&provided_consent_for_multi_team_enablement=false&continue=https%3A%2F%2Fgo.postman.co%2Fhome&authFlowId=5265affc-e3c3-4737-bd8c-84a4c67d4509)...
[2026-09-17T17:25:14.580Z] [Process] hunggreen0004@maildrop.cc - Link 3: Đang chờ chuyển trang hoặc load UI (URL: https://app.getpostman.com/web-invite-accept?invite_code=28b440e69980c1cd478ff0943e59083073b524ccd913857c5911824df99d704b&signup=false&preserve_personal_context=false&provided_consent_for_multi_team_enablement=false&continue=https%3A%2F%2Fgo.postman.co%2Fhome&authFlowId=197fe564-2747-404a-b7d7-35fcee2bf158)...
[2026-09-17T17:25:23.533Z] [Process] hunggreen0002@maildrop.cc - Link 3: Đang chờ chuyển trang hoặc load UI (URL: https://app.getpostman.com/web-invite-accept?invite_code=28b440e69980c1cd478ff0943e59083073b524ccd913857c5911824df99d704b&signup=false&preserve_personal_context=false&provided_consent_for_multi_team_enablement=false&continue=https%3A%2F%2Fgo.postman.co%2Fhome&authFlowId=b26b3415-d238-40c8-a8b5-baf1bd053b42)...
[2026-09-17T17:25:23.535Z] [Process] hunggreen0005@maildrop.cc - Link 3: Đang chờ chuyển trang hoặc load UI (URL: https://app.getpostman.com/web-invite-accept?invite_code=28b440e69980c1cd478ff0943e59083073b524ccd913857c5911824df99d704b&signup=false&preserve_personal_context=false&provided_consent_for_multi_team_enablement=false&continue=https%3A%2F%2Fgo.postman.co%2Fhome&authFlowId=9b525096-0cb0-47a0-bbff-d5208560ad91)...
[2026-09-17T17:25:23.776Z] [Process] hunggreen0003@maildrop.cc - Link 3: Đang chờ chuyển trang hoặc load UI (URL: https://app.getpostman.com/web-invite-accept?invite_code=28b440e69980c1cd478ff0943e59083073b524ccd913857c5911824df99d704b&signup=false&preserve_personal_context=false&provided_consent_for_multi_team_enablement=false&continue=https%3A%2F%2Fgo.postman.co%2Fhome&authFlowId=5265affc-e3c3-4737-bd8c-84a4c67d4509)...
[2026-09-17T17:25:24.648Z] [Process] hunggreen0004@maildrop.cc - Link 3: Đang chờ chuyển trang hoặc load UI (URL: https://app.getpostman.com/web-invite-accept?invite_code=28b440e69980c1cd478ff0943e59083073b524ccd913857c5911824df99d704b&signup=false&preserve_personal_context=false&provided_consent_for_multi_team_enablement=false&continue=https%3A%2F%2Fgo.postman.co%2Fhome&authFlowId=197fe564-2747-404a-b7d7-35fcee2bf158)...
[2026-09-17T17:25:33.613Z] [Process] hunggreen0005@maildrop.cc - Link 3: Đang chờ chuyển trang hoặc load UI (URL: https://app.getpostman.com/web-invite-accept?invite_code=28b440e69980c1cd478ff0943e59083073b524ccd913857c5911824df99d704b&signup=false&preserve_personal_context=false&provided_consent_for_multi_team_enablement=false&continue=https%3A%2F%2Fgo.postman.co%2Fhome&authFlowId=9b525096-0cb0-47a0-bbff-d5208560ad91)...
[2026-09-17T17:25:33.730Z] [Process] hunggreen0002@maildrop.cc - Link 3: Đang chờ chuyển trang hoặc load UI (URL: https://app.getpostman.com/web-invite-accept?invite_code=28b440e69980c1cd478ff0943e59083073b524ccd913857c5911824df99d704b&signup=false&preserve_personal_context=false&provided_consent_for_multi_team_enablement=false&continue=https%3A%2F%2Fgo.postman.co%2Fhome&authFlowId=b26b3415-d238-40c8-a8b5-baf1bd053b42)...
[2026-09-17T17:25:34.658Z] [Process] hunggreen0003@maildrop.cc - Link 3: Đang chờ chuyển trang hoặc load UI (URL: https://app.getpostman.com/web-invite-accept?invite_code=28b440e69980c1cd478ff0943e59083073b524ccd913857c5911824df99d704b&signup=false&preserve_personal_context=false&provided_consent_for_multi_team_enablement=false&continue=https%3A%2F%2Fgo.postman.co%2Fhome&authFlowId=5265affc-e3c3-4737-bd8c-84a4c67d4509)...
[2026-09-17T17:25:34.702Z] [Process] hunggreen0004@maildrop.cc - Link 3: Đang chờ chuyển trang hoặc load UI (URL: https://app.getpostman.com/web-invite-accept?invite_code=28b440e69980c1cd478ff0943e59083073b524ccd913857c5911824df99d704b&signup=false&preserve_personal_context=false&provided_consent_for_multi_team_enablement=false&continue=https%3A%2F%2Fgo.postman.co%2Fhome&authFlowId=197fe564-2747-404a-b7d7-35fcee2bf158)...
[2026-09-17T17:25:43.807Z] [Process] hunggreen0002@maildrop.cc - Link 3: Đang chờ chuyển trang hoặc load UI (URL: https://app.getpostman.com/web-invite-accept?invite_code=28b440e69980c1cd478ff0943e59083073b524ccd913857c5911824df99d704b&signup=false&preserve_personal_context=false&provided_consent_for_multi_team_enablement=false&continue=https%3A%2F%2Fgo.postman.co%2Fhome&authFlowId=b26b3415-d238-40c8-a8b5-baf1bd053b42)...
[2026-09-17T17:25:44.577Z] [Process] hunggreen0005@maildrop.cc - Link 3: Đang chờ chuyển trang hoặc load UI (URL: https://app.getpostman.com/web-invite-accept?invite_code=28b440e69980c1cd478ff0943e59083073b524ccd913857c5911824df99d704b&signup=false&preserve_personal_context=false&provided_consent_for_multi_team_enablement=false&continue=https%3A%2F%2Fgo.postman.co%2Fhome&authFlowId=9b525096-0cb0-47a0-bbff-d5208560ad91)...
[2026-09-17T17:25:44.722Z] [Process] hunggreen0003@maildrop.cc - Link 3: Đang chờ chuyển trang hoặc load UI (URL: https://app.getpostman.com/web-invite-accept?invite_code=28b440e69980c1cd478ff0943e59083073b524ccd913857c5911824df99d704b&signup=false&preserve_personal_context=false&provided_consent_for_multi_team_enablement=false&continue=https%3A%2F%2Fgo.postman.co%2Fhome&authFlowId=5265affc-e3c3-4737-bd8c-84a4c67d4509)...
[2026-09-17T17:25:44.783Z] [Process] hunggreen0004@maildrop.cc - Link 3: Đang chờ chuyển trang hoặc load UI (URL: https://app.getpostman.com/web-invite-accept?invite_code=28b440e69980c1cd478ff0943e59083073b524ccd913857c5911824df99d704b&signup=false&preserve_personal_context=false&provided_consent_for_multi_team_enablement=false&continue=https%3A%2F%2Fgo.postman.co%2Fhome&authFlowId=197fe564-2747-404a-b7d7-35fcee2bf158)...
[2026-09-17T17:25:53.878Z] [Process] hunggreen0002@maildrop.cc - Link 3: Đang chờ chuyển trang hoặc load UI (URL: https://app.getpostman.com/web-invite-accept?invite_code=28b440e69980c1cd478ff0943e59083073b524ccd913857c5911824df99d704b&signup=false&preserve_personal_context=false&provided_consent_for_multi_team_enablement=false&continue=https%3A%2F%2Fgo.postman.co%2Fhome&authFlowId=b26b3415-d238-40c8-a8b5-baf1bd053b42)...
[2026-09-17T17:25:53.883Z] [Warn] hunggreen0002@maildrop.cc - Hết thời gian chờ (120s) mà chưa join thành công Link 3.
[2026-09-17T17:25:53.887Z] [Process] hunggreen0002@maildrop.cc - Link 4/8: Đang truy cập liên kết mời...
[2026-09-17T17:25:54.781Z] [Process] hunggreen0003@maildrop.cc - Link 3: Đang chờ chuyển trang hoặc load UI (URL: https://app.getpostman.com/web-invite-accept?invite_code=28b440e69980c1cd478ff0943e59083073b524ccd913857c5911824df99d704b&signup=false&preserve_personal_context=false&provided_consent_for_multi_team_enablement=false&continue=https%3A%2F%2Fgo.postman.co%2Fhome&authFlowId=5265affc-e3c3-4737-bd8c-84a4c67d4509)...
[2026-09-17T17:25:54.782Z] [Warn] hunggreen0003@maildrop.cc - Hết thời gian chờ (120s) mà chưa join thành công Link 3.
[2026-09-17T17:25:54.782Z] [Process] hunggreen0003@maildrop.cc - Link 4/8: Đang truy cập liên kết mời...
[2026-09-17T17:25:54.834Z] [Process] hunggreen0004@maildrop.cc - Link 3: Đang chờ chuyển trang hoặc load UI (URL: https://app.getpostman.com/web-invite-accept?invite_code=28b440e69980c1cd478ff0943e59083073b524ccd913857c5911824df99d704b&signup=false&preserve_personal_context=false&provided_consent_for_multi_team_enablement=false&continue=https%3A%2F%2Fgo.postman.co%2Fhome&authFlowId=197fe564-2747-404a-b7d7-35fcee2bf158)...
[2026-09-17T17:25:54.835Z] [Warn] hunggreen0004@maildrop.cc - Hết thời gian chờ (120s) mà chưa join thành công Link 3.
[2026-09-17T17:25:54.836Z] [Process] hunggreen0004@maildrop.cc - Link 4/8: Đang truy cập liên kết mời...
[2026-09-17T17:25:55.694Z] [Err] hunggreen0005@maildrop.cc - Lỗi trong lúc theo dõi trang: Attempted to use detached Frame '2B88ACDE3158AE16CB7D0A875A30DBC5'.
[2026-09-17T17:25:55.696Z] [Warn] hunggreen0005@maildrop.cc - Hết thời gian chờ (120s) mà chưa join thành công Link 3.
[2026-09-17T17:25:55.696Z] [Process] hunggreen0005@maildrop.cc - Link 4/8: Đang truy cập liên kết mời...
[2026-09-17T17:25:56.359Z] [Warn] hunggreen0002@maildrop.cc - Phát hiện trang Xác Thực Cloudflare Turnstile ([ ] Verify you are human)!
[2026-09-17T17:25:57.244Z] [Warn] hunggreen0003@maildrop.cc - Phát hiện trang Xác Thực Cloudflare Turnstile ([ ] Verify you are human)!
[2026-09-17T17:25:57.322Z] [Warn] hunggreen0004@maildrop.cc - Phát hiện trang Xác Thực Cloudflare Turnstile ([ ] Verify you are human)!
[2026-09-17T17:25:57.695Z] [Err] hunggreen0005@maildrop.cc - Lỗi trong lúc theo dõi trang: Attempted to use detached Frame '2B88ACDE3158AE16CB7D0A875A30DBC5'.
[2026-09-17T17:25:57.866Z] [Process] hunggreen0002@maildrop.cc - Đã định vị toạ độ nút checkbox Cloudflare (X=62, Y=337). Đang di chuyển chuột và CLICK...
[2026-09-17T17:25:58.418Z] [Process] hunggreen0002@maildrop.cc - Đã CLICK vào ô xác thực! Đang chờ Cloudflare tích xanh và chuyển trang...
[2026-09-17T17:25:58.751Z] [Process] hunggreen0003@maildrop.cc - Đã định vị toạ độ nút checkbox Cloudflare (X=67, Y=337). Đang di chuyển chuột và CLICK...
[2026-09-17T17:25:58.827Z] [Process] hunggreen0004@maildrop.cc - Đã định vị toạ độ nút checkbox Cloudflare (X=64, Y=337). Đang di chuyển chuột và CLICK...
[2026-09-17T17:25:59.344Z] [Process] hunggreen0003@maildrop.cc - Đã CLICK vào ô xác thực! Đang chờ Cloudflare tích xanh và chuyển trang...
[2026-09-17T17:25:59.354Z] [Process] hunggreen0004@maildrop.cc - Đã CLICK vào ô xác thực! Đang chờ Cloudflare tích xanh và chuyển trang...
[2026-09-17T17:25:59.419Z] [Output] hunggreen0002@maildrop.cc - ĐÃ VƯỢT QUA rào cản Cloudflare thành công!
[2026-09-17T17:25:59.696Z] [Err] hunggreen0005@maildrop.cc - Lỗi trong lúc theo dõi trang: Attempted to use detached Frame '2B88ACDE3158AE16CB7D0A875A30DBC5'.
[2026-09-17T17:26:00.346Z] [Output] hunggreen0003@maildrop.cc - ĐÃ VƯỢT QUA rào cản Cloudflare thành công!
[2026-09-17T17:26:00.436Z] [Output] hunggreen0004@maildrop.cc - ĐÃ VƯỢT QUA rào cản Cloudflare thành công!
[2026-09-17T17:26:01.445Z] [Process] hunggreen0002@maildrop.cc - Đã click chọn tài khoản hiện tại ở màn hình Chọn Tài Khoản. Đợi tải trang...
[2026-09-17T17:26:01.697Z] [Err] hunggreen0005@maildrop.cc - Lỗi trong lúc theo dõi trang: Attempted to use detached Frame '2B88ACDE3158AE16CB7D0A875A30DBC5'.
[2026-09-17T17:26:02.374Z] [Process] hunggreen0003@maildrop.cc - Đã click chọn tài khoản hiện tại ở màn hình Chọn Tài Khoản. Đợi tải trang...
[2026-09-17T17:26:02.446Z] [Process] hunggreen0004@maildrop.cc - Đã click chọn tài khoản hiện tại ở màn hình Chọn Tài Khoản. Đợi tải trang...
[2026-09-17T17:26:03.698Z] [Err] hunggreen0005@maildrop.cc - Lỗi trong lúc theo dõi trang: Attempted to use detached Frame '2B88ACDE3158AE16CB7D0A875A30DBC5'.
[2026-09-17T17:26:05.698Z] [Err] hunggreen0005@maildrop.cc - Lỗi trong lúc theo dõi trang: Attempted to use detached Frame '2B88ACDE3158AE16CB7D0A875A30DBC5'.
[2026-09-17T17:26:07.698Z] [Err] hunggreen0005@maildrop.cc - Lỗi trong lúc theo dõi trang: Attempted to use detached Frame '2B88ACDE3158AE16CB7D0A875A30DBC5'.
[2026-09-17T17:26:09.700Z] [Err] hunggreen0005@maildrop.cc - Lỗi trong lúc theo dõi trang: Attempted to use detached Frame '2B88ACDE3158AE16CB7D0A875A30DBC5'.
[2026-09-17T17:26:10.494Z] [Process] hunggreen0002@maildrop.cc - Link 4: Đang chờ chuyển trang hoặc load UI (URL: https://app.getpostman.com/web-invite-accept?invite_code=1ed21c9fb3dfd33d2bc27fecf04e78633fc307180589ee9bc971d792d62f5806&signup=false&preserve_personal_context=false&provided_consent_for_multi_team_enablement=false&continue=https%3A%2F%2Fgo.postman.co%2Fhome&authFlowId=c5d538af-3b99-49d2-921f-a043ada5bd8a)...
[2026-09-17T17:26:11.411Z] [Process] hunggreen0003@maildrop.cc - Link 4: Đang chờ chuyển trang hoặc load UI (URL: https://app.getpostman.com/web-invite-accept?invite_code=1ed21c9fb3dfd33d2bc27fecf04e78633fc307180589ee9bc971d792d62f5806&signup=false&preserve_personal_context=false&provided_consent_for_multi_team_enablement=false&continue=https%3A%2F%2Fgo.postman.co%2Fhome&authFlowId=5eeb078d-984a-4cff-983f-deffa8a8eb0e)...
[2026-09-17T17:26:11.474Z] [Process] hunggreen0004@maildrop.cc - Link 4: Đang chờ chuyển trang hoặc load UI (URL: https://app.getpostman.com/web-invite-accept?invite_code=1ed21c9fb3dfd33d2bc27fecf04e78633fc307180589ee9bc971d792d62f5806&signup=false&preserve_personal_context=false&provided_consent_for_multi_team_enablement=false&continue=https%3A%2F%2Fgo.postman.co%2Fhome&authFlowId=a13e5173-5ab7-434e-8bbd-480d46488bf1)...
[2026-09-17T17:26:11.700Z] [Err] hunggreen0005@maildrop.cc - Lỗi trong lúc theo dõi trang: Attempted to use detached Frame '2B88ACDE3158AE16CB7D0A875A30DBC5'.
[2026-09-17T17:26:13.701Z] [Err] hunggreen0005@maildrop.cc - Lỗi trong lúc theo dõi trang: Attempted to use detached Frame '2B88ACDE3158AE16CB7D0A875A30DBC5'.
[2026-09-17T17:26:15.702Z] [Err] hunggreen0005@maildrop.cc - Lỗi trong lúc theo dõi trang: Attempted to use detached Frame '2B88ACDE3158AE16CB7D0A875A30DBC5'.
[2026-09-17T17:26:17.703Z] [Err] hunggreen0005@maildrop.cc - Lỗi trong lúc theo dõi trang: Attempted to use detached Frame '2B88ACDE3158AE16CB7D0A875A30DBC5'.
[2026-09-17T17:26:19.703Z] [Err] hunggreen0005@maildrop.cc - Lỗi trong lúc theo dõi trang: Attempted to use detached Frame '2B88ACDE3158AE16CB7D0A875A30DBC5'.
[2026-09-17T17:26:20.570Z] [Process] hunggreen0002@maildrop.cc - Link 4: Đang chờ chuyển trang hoặc load UI (URL: https://app.getpostman.com/web-invite-accept?invite_code=1ed21c9fb3dfd33d2bc27fecf04e78633fc307180589ee9bc971d792d62f5806&signup=false&preserve_personal_context=false&provided_consent_for_multi_team_enablement=false&continue=https%3A%2F%2Fgo.postman.co%2Fhome&authFlowId=c5d538af-3b99-49d2-921f-a043ada5bd8a)...
[2026-09-17T17:26:21.495Z] [Process] hunggreen0003@maildrop.cc - Link 4: Đang chờ chuyển trang hoặc load UI (URL: https://app.getpostman.com/web-invite-accept?invite_code=1ed21c9fb3dfd33d2bc27fecf04e78633fc307180589ee9bc971d792d62f5806&signup=false&preserve_personal_context=false&provided_consent_for_multi_team_enablement=false&continue=https%3A%2F%2Fgo.postman.co%2Fhome&authFlowId=5eeb078d-984a-4cff-983f-deffa8a8eb0e)...
[2026-09-17T17:26:21.535Z] [Process] hunggreen0004@maildrop.cc - Link 4: Đang chờ chuyển trang hoặc load UI (URL: https://app.getpostman.com/web-invite-accept?invite_code=1ed21c9fb3dfd33d2bc27fecf04e78633fc307180589ee9bc971d792d62f5806&signup=false&preserve_personal_context=false&provided_consent_for_multi_team_enablement=false&continue=https%3A%2F%2Fgo.postman.co%2Fhome&authFlowId=a13e5173-5ab7-434e-8bbd-480d46488bf1)...
[2026-09-17T17:26:21.704Z] [Err] hunggreen0005@maildrop.cc - Lỗi trong lúc theo dõi trang: Attempted to use detached Frame '2B88ACDE3158AE16CB7D0A875A30DBC5'.
[2026-09-17T17:26:23.705Z] [Err] hunggreen0005@maildrop.cc - Lỗi trong lúc theo dõi trang: Attempted to use detached Frame '2B88ACDE3158AE16CB7D0A875A30DBC5'.
[2026-09-17T17:26:25.705Z] [Err] hunggreen0005@maildrop.cc - Lỗi trong lúc theo dõi trang: Attempted to use detached Frame '2B88ACDE3158AE16CB7D0A875A30DBC5'.
[2026-09-17T17:26:27.705Z] [Err] hunggreen0005@maildrop.cc - Lỗi trong lúc theo dõi trang: Attempted to use detached Frame '2B88ACDE3158AE16CB7D0A875A30DBC5'.
[2026-09-17T17:26:29.573Z] [Err] hunggreen0004@maildrop.cc - Lỗi trong lúc theo dõi trang: Attempted to use detached Frame '69AD74CD6602F742AF52DD9B0DF9A2C2'.
[2026-09-17T17:26:29.706Z] [Err] hunggreen0005@maildrop.cc - Lỗi trong lúc theo dõi trang: Attempted to use detached Frame '2B88ACDE3158AE16CB7D0A875A30DBC5'.
[2026-09-17T17:26:30.632Z] [Process] hunggreen0002@maildrop.cc - Link 4: Đang chờ chuyển trang hoặc load UI (URL: https://app.getpostman.com/web-invite-accept?invite_code=1ed21c9fb3dfd33d2bc27fecf04e78633fc307180589ee9bc971d792d62f5806&signup=false&preserve_personal_context=false&provided_consent_for_multi_team_enablement=false&continue=https%3A%2F%2Fgo.postman.co%2Fhome&authFlowId=c5d538af-3b99-49d2-921f-a043ada5bd8a)...
[2026-09-17T17:26:31.570Z] [Process] hunggreen0003@maildrop.cc - Link 4: Đang chờ chuyển trang hoặc load UI (URL: https://app.getpostman.com/web-invite-accept?invite_code=1ed21c9fb3dfd33d2bc27fecf04e78633fc307180589ee9bc971d792d62f5806&signup=false&preserve_personal_context=false&provided_consent_for_multi_team_enablement=false&continue=https%3A%2F%2Fgo.postman.co%2Fhome&authFlowId=5eeb078d-984a-4cff-983f-deffa8a8eb0e)...
[2026-09-17T17:26:31.574Z] [Err] hunggreen0004@maildrop.cc - Lỗi trong lúc theo dõi trang: Attempted to use detached Frame '69AD74CD6602F742AF52DD9B0DF9A2C2'.
[2026-09-17T17:26:31.707Z] [Err] hunggreen0005@maildrop.cc - Lỗi trong lúc theo dõi trang: Attempted to use detached Frame '2B88ACDE3158AE16CB7D0A875A30DBC5'.
[2026-09-17T17:26:33.575Z] [Err] hunggreen0004@maildrop.cc - Lỗi trong lúc theo dõi trang: Attempted to use detached Frame '69AD74CD6602F742AF52DD9B0DF9A2C2'.
[2026-09-17T17:26:33.707Z] [Err] hunggreen0005@maildrop.cc - Lỗi trong lúc theo dõi trang: Attempted to use detached Frame '2B88ACDE3158AE16CB7D0A875A30DBC5'.
[2026-09-17T17:26:35.576Z] [Err] hunggreen0004@maildrop.cc - Lỗi trong lúc theo dõi trang: Attempted to use detached Frame '69AD74CD6602F742AF52DD9B0DF9A2C2'.
[2026-09-17T17:26:35.708Z] [Err] hunggreen0005@maildrop.cc - Lỗi trong lúc theo dõi trang: Attempted to use detached Frame '2B88ACDE3158AE16CB7D0A875A30DBC5'.
[2026-09-17T17:26:37.576Z] [Err] hunggreen0004@maildrop.cc - Lỗi trong lúc theo dõi trang: Attempted to use detached Frame '69AD74CD6602F742AF52DD9B0DF9A2C2'.
[2026-09-17T17:26:37.709Z] [Err] hunggreen0005@maildrop.cc - Lỗi trong lúc theo dõi trang: Attempted to use detached Frame '2B88ACDE3158AE16CB7D0A875A30DBC5'.
[2026-09-17T17:26:39.577Z] [Err] hunggreen0004@maildrop.cc - Lỗi trong lúc theo dõi trang: Attempted to use detached Frame '69AD74CD6602F742AF52DD9B0DF9A2C2'.
[2026-09-17T17:26:39.710Z] [Err] hunggreen0005@maildrop.cc - Lỗi trong lúc theo dõi trang: Attempted to use detached Frame '2B88ACDE3158AE16CB7D0A875A30DBC5'.
[2026-09-17T17:26:40.698Z] [Process] hunggreen0002@maildrop.cc - Link 4: Đang chờ chuyển trang hoặc load UI (URL: https://app.getpostman.com/web-invite-accept?invite_code=1ed21c9fb3dfd33d2bc27fecf04e78633fc307180589ee9bc971d792d62f5806&signup=false&preserve_personal_context=false&provided_consent_for_multi_team_enablement=false&continue=https%3A%2F%2Fgo.postman.co%2Fhome&authFlowId=c5d538af-3b99-49d2-921f-a043ada5bd8a)...
[2026-09-17T17:26:41.578Z] [Err] hunggreen0004@maildrop.cc - Lỗi trong lúc theo dõi trang: Attempted to use detached Frame '69AD74CD6602F742AF52DD9B0DF9A2C2'.
[2026-09-17T17:26:41.621Z] [Process] hunggreen0003@maildrop.cc - Link 4: Đang chờ chuyển trang hoặc load UI (URL: https://app.getpostman.com/web-invite-accept?invite_code=1ed21c9fb3dfd33d2bc27fecf04e78633fc307180589ee9bc971d792d62f5806&signup=false&preserve_personal_context=false&provided_consent_for_multi_team_enablement=false&continue=https%3A%2F%2Fgo.postman.co%2Fhome&authFlowId=5eeb078d-984a-4cff-983f-deffa8a8eb0e)...
[2026-09-17T17:26:41.710Z] [Err] hunggreen0005@maildrop.cc - Lỗi trong lúc theo dõi trang: Attempted to use detached Frame '2B88ACDE3158AE16CB7D0A875A30DBC5'.
[2026-09-17T17:26:43.580Z] [Err] hunggreen0004@maildrop.cc - Lỗi trong lúc theo dõi trang: Attempted to use detached Frame '69AD74CD6602F742AF52DD9B0DF9A2C2'.
[2026-09-17T17:26:43.711Z] [Err] hunggreen0005@maildrop.cc - Lỗi trong lúc theo dõi trang: Attempted to use detached Frame '2B88ACDE3158AE16CB7D0A875A30DBC5'.
[2026-09-17T17:26:44.787Z] [Process] Nhận lệnh HỦY B4. Đang đóng tiến trình...
[2026-09-17T17:26:44.809Z] [Process] Process exited with code 0
[2026-09-17T17:46:39.094Z] [Process] Client disconnected
