===============================================================
[2026-09-17T17:18:16.221Z] [Process] Bắt đầu Batch Login cho 21 tài khoản. Luồng đồng thời: 1
[2026-09-17T17:18:16.224Z] [Process] [hunggreen0001@maildrop.cc] Đang mở trình duyệt (Tọa độ: 0,0)...
[2026-09-17T17:18:21.284Z] [Warn] [hunggreen0001@maildrop.cc] Đang cố gắng tự động điền thông tin đăng nhập (Lần thử 1/3)...
[2026-09-17T17:18:23.970Z] [Process] [hunggreen0001@maildrop.cc] Đã điền xong email/pass. Đợi 12s theo yêu cầu để nút login sẵn sàng...
[2026-09-17T17:18:36.017Z] [Process] [hunggreen0001@maildrop.cc] Đã click nút đăng nhập, đang chờ phản hồi từ máy chủ...
[2026-09-17T17:18:44.023Z] [Output] [hunggreen0001@maildrop.cc] Đã đăng nhập thành công!
[2026-09-17T17:18:46.182Z] [Process] [hunggreen0001@maildrop.cc] Đã đóng trình duyệt.
[2026-09-17T17:18:46.183Z] [Process] [hunggreen0002@maildrop.cc] Đang mở trình duyệt (Tọa độ: 0,250)...
===============================================================
===============================================================
[2026-09-17T17:19:04.565Z] [Process] Bắt đầu Batch Login cho 20 tài khoản. Luồng đồng thời: 4
[2026-09-17T17:19:04.568Z] [Process] [hunggreen0002@maildrop.cc] Đang mở trình duyệt (Tọa độ: 0,0)...
[2026-09-17T17:19:04.568Z] [Process] [hunggreen0003@maildrop.cc] Đang mở trình duyệt (Tọa độ: 350,0)...
[2026-09-17T17:19:04.568Z] [Process] [hunggreen0004@maildrop.cc] Đang mở trình duyệt (Tọa độ: 0,250)...
[2026-09-17T17:19:04.568Z] [Process] [hunggreen0005@maildrop.cc] Đang mở trình duyệt (Tọa độ: 350,250)...
[2026-09-17T17:19:09.315Z] [Warn] [hunggreen0003@maildrop.cc] Đang cố gắng tự động điền thông tin đăng nhập (Lần thử 1/3)...
[2026-09-17T17:19:10.285Z] [Warn] [hunggreen0002@maildrop.cc] Đang cố gắng tự động điền thông tin đăng nhập (Lần thử 1/3)...
[2026-09-17T17:19:10.933Z] [Warn] [hunggreen0004@maildrop.cc] Đang cố gắng tự động điền thông tin đăng nhập (Lần thử 1/3)...
[2026-09-17T17:19:11.687Z] [Warn] [hunggreen0005@maildrop.cc] Đang cố gắng tự động điền thông tin đăng nhập (Lần thử 1/3)...
[2026-09-17T17:19:39.336Z] [Warn] [hunggreen0003@maildrop.cc] Đăng nhập chưa chuyển trang. Đợi 5s rồi F5 tải lại...
[2026-09-17T17:19:40.298Z] [Warn] [hunggreen0002@maildrop.cc] Đăng nhập chưa chuyển trang. Đợi 5s rồi F5 tải lại...
[2026-09-17T17:19:40.956Z] [Warn] [hunggreen0004@maildrop.cc] Đăng nhập chưa chuyển trang. Đợi 5s rồi F5 tải lại...
[2026-09-17T17:19:41.702Z] [Warn] [hunggreen0005@maildrop.cc] Đăng nhập chưa chuyển trang. Đợi 5s rồi F5 tải lại...
[2026-09-17T17:19:44.337Z] [Warn] [hunggreen0003@maildrop.cc] Đang cố gắng tự động điền thông tin đăng nhập (Lần thử 2/3)...
[2026-09-17T17:19:44.338Z] [Warn] [hunggreen0003@maildrop.cc] Lỗi tự động điền: Attempted to use detached Frame 'ED73B7EF38081AF0F6986399B71191E8'.. F5 tải lại...
[2026-09-17T17:19:44.338Z] [Warn] [hunggreen0003@maildrop.cc] Đang cố gắng tự động điền thông tin đăng nhập (Lần thử 3/3)...
[2026-09-17T17:19:44.338Z] [Warn] [hunggreen0003@maildrop.cc] Lỗi tự động điền: Attempted to use detached Frame 'ED73B7EF38081AF0F6986399B71191E8'.. F5 tải lại...
[2026-09-17T17:19:44.338Z] [Warn] [hunggreen0003@maildrop.cc] Tự động đăng nhập thất bại sau 3 lần. Đang đợi bạn thao tác tay trên trình duyệt...
[2026-09-17T17:19:44.338Z] [Err] [hunggreen0003@maildrop.cc] Quá thời gian chờ đăng nhập (10 phút) hoặc trình duyệt đã bị tắt.
[2026-09-17T17:19:45.299Z] [Warn] [hunggreen0002@maildrop.cc] Đang cố gắng tự động điền thông tin đăng nhập (Lần thử 2/3)...
[2026-09-17T17:19:45.299Z] [Warn] [hunggreen0002@maildrop.cc] Lỗi tự động điền: Attempted to use detached Frame 'BD3EB28608F117DD5595CC9365ABBBE5'.. F5 tải lại...
[2026-09-17T17:19:45.299Z] [Warn] [hunggreen0002@maildrop.cc] Đang cố gắng tự động điền thông tin đăng nhập (Lần thử 3/3)...
[2026-09-17T17:19:45.299Z] [Warn] [hunggreen0002@maildrop.cc] Lỗi tự động điền: Attempted to use detached Frame 'BD3EB28608F117DD5595CC9365ABBBE5'.. F5 tải lại...
[2026-09-17T17:19:45.299Z] [Warn] [hunggreen0002@maildrop.cc] Tự động đăng nhập thất bại sau 3 lần. Đang đợi bạn thao tác tay trên trình duyệt...
[2026-09-17T17:19:45.299Z] [Err] [hunggreen0002@maildrop.cc] Quá thời gian chờ đăng nhập (10 phút) hoặc trình duyệt đã bị tắt.
[2026-09-17T17:19:45.957Z] [Warn] [hunggreen0004@maildrop.cc] Đang cố gắng tự động điền thông tin đăng nhập (Lần thử 2/3)...
[2026-09-17T17:19:45.957Z] [Warn] [hunggreen0004@maildrop.cc] Lỗi tự động điền: Attempted to use detached Frame 'E916EE5BDA6954C560FEA6AF557DD65A'.. F5 tải lại...
[2026-09-17T17:19:45.957Z] [Warn] [hunggreen0004@maildrop.cc] Đang cố gắng tự động điền thông tin đăng nhập (Lần thử 3/3)...
[2026-09-17T17:19:45.958Z] [Warn] [hunggreen0004@maildrop.cc] Lỗi tự động điền: Attempted to use detached Frame 'E916EE5BDA6954C560FEA6AF557DD65A'.. F5 tải lại...
[2026-09-17T17:19:45.958Z] [Warn] [hunggreen0004@maildrop.cc] Tự động đăng nhập thất bại sau 3 lần. Đang đợi bạn thao tác tay trên trình duyệt...
[2026-09-17T17:19:45.958Z] [Err] [hunggreen0004@maildrop.cc] Quá thời gian chờ đăng nhập (10 phút) hoặc trình duyệt đã bị tắt.
[2026-09-17T17:19:46.339Z] [Process] [hunggreen0003@maildrop.cc] Đã đóng trình duyệt.
[2026-09-17T17:19:46.339Z] [Process] [hunggreen0006@maildrop.cc] Đang mở trình duyệt (Tọa độ: 0,500)...
[2026-09-17T17:19:46.702Z] [Warn] [hunggreen0005@maildrop.cc] Đang cố gắng tự động điền thông tin đăng nhập (Lần thử 2/3)...
[2026-09-17T17:19:46.702Z] [Warn] [hunggreen0005@maildrop.cc] Lỗi tự động điền: Attempted to use detached Frame 'DA6B251F8ADB31B6A31FAC56C7BF35EE'.. F5 tải lại...
[2026-09-17T17:19:46.703Z] [Warn] [hunggreen0005@maildrop.cc] Đang cố gắng tự động điền thông tin đăng nhập (Lần thử 3/3)...
[2026-09-17T17:19:46.703Z] [Warn] [hunggreen0005@maildrop.cc] Lỗi tự động điền: Attempted to use detached Frame 'DA6B251F8ADB31B6A31FAC56C7BF35EE'.. F5 tải lại...
[2026-09-17T17:19:46.703Z] [Warn] [hunggreen0005@maildrop.cc] Tự động đăng nhập thất bại sau 3 lần. Đang đợi bạn thao tác tay trên trình duyệt...
[2026-09-17T17:19:46.703Z] [Err] [hunggreen0005@maildrop.cc] Quá thời gian chờ đăng nhập (10 phút) hoặc trình duyệt đã bị tắt.
[2026-09-17T17:19:47.393Z] [Process] [hunggreen0002@maildrop.cc] Đã đóng trình duyệt.
[2026-09-17T17:19:47.394Z] [Process] [hunggreen0007@maildrop.cc] Đang mở trình duyệt (Tọa độ: 350,500)...
[2026-09-17T17:19:47.959Z] [Process] [hunggreen0004@maildrop.cc] Đã đóng trình duyệt.
[2026-09-17T17:19:47.959Z] [Process] [hunggreen0008@maildrop.cc] Đang mở trình duyệt (Tọa độ: 0,750)...
[2026-09-17T17:19:48.838Z] [Process] [hunggreen0005@maildrop.cc] Đã đóng trình duyệt.
[2026-09-17T17:19:48.838Z] [Process] [hunggreen0009@maildrop.cc] Đang mở trình duyệt (Tọa độ: 350,750)...
[2026-09-17T17:19:51.983Z] [Warn] [hunggreen0007@maildrop.cc] Đang cố gắng tự động điền thông tin đăng nhập (Lần thử 1/3)...
[2026-09-17T17:19:52.631Z] [Warn] [hunggreen0008@maildrop.cc] Đang cố gắng tự động điền thông tin đăng nhập (Lần thử 1/3)...
[2026-09-17T17:19:53.197Z] [Warn] [hunggreen0009@maildrop.cc] Đang cố gắng tự động điền thông tin đăng nhập (Lần thử 1/3)...
[2026-09-17T17:20:20.632Z] [Output] [hunggreen0006@maildrop.cc] Đã có sẵn phiên đăng nhập (Không cần làm gì thêm).
[2026-09-17T17:20:22.031Z] [Warn] [hunggreen0007@maildrop.cc] Đăng nhập chưa chuyển trang. Đợi 5s rồi F5 tải lại...
[2026-09-17T17:20:22.648Z] [Warn] [hunggreen0008@maildrop.cc] Đăng nhập chưa chuyển trang. Đợi 5s rồi F5 tải lại...
[2026-09-17T17:20:22.829Z] [Process] [hunggreen0006@maildrop.cc] Đã đóng trình duyệt.
[2026-09-17T17:20:22.830Z] [Process] [hunggreen0011@maildrop.cc] Đang mở trình duyệt (Tọa độ: 0,1000)...
[2026-09-17T17:20:23.209Z] [Warn] [hunggreen0009@maildrop.cc] Đăng nhập chưa chuyển trang. Đợi 5s rồi F5 tải lại...
[2026-09-17T17:20:26.656Z] [Warn] [hunggreen0011@maildrop.cc] Đang cố gắng tự động điền thông tin đăng nhập (Lần thử 1/3)...
[2026-09-17T17:20:28.470Z] [Warn] [hunggreen0007@maildrop.cc] Đang cố gắng tự động điền thông tin đăng nhập (Lần thử 2/3)...
[2026-09-17T17:20:28.728Z] [Warn] [hunggreen0008@maildrop.cc] Đang cố gắng tự động điền thông tin đăng nhập (Lần thử 2/3)...
[2026-09-17T17:20:29.233Z] [Warn] [hunggreen0009@maildrop.cc] Đang cố gắng tự động điền thông tin đăng nhập (Lần thử 2/3)...
===============================================================
===============================================================
[2026-09-17T17:21:26.643Z] [Process] Bắt đầu Batch Join Team. Tổng số profile: 20. Tổng số Link mời: 8
[2026-09-17T17:21:26.644Z] [Process] Đang mở trình duyệt cho hunggreen0002@maildrop.cc (Tọa độ: X=0, Y=0)...
[2026-09-17T17:21:26.644Z] [Process] Đang mở trình duyệt cho hunggreen0003@maildrop.cc (Tọa độ: X=350, Y=0)...
[2026-09-17T17:21:26.645Z] [Process] Đang mở trình duyệt cho hunggreen0004@maildrop.cc (Tọa độ: X=0, Y=250)...
[2026-09-17T17:21:26.645Z] [Process] Đang mở trình duyệt cho hunggreen0005@maildrop.cc (Tọa độ: X=350, Y=250)...
[2026-09-17T17:21:28.199Z] [Process] hunggreen0004@maildrop.cc - Link 1/8: Đang truy cập liên kết mời...
[2026-09-17T17:21:28.277Z] [Process] hunggreen0002@maildrop.cc - Link 1/8: Đang truy cập liên kết mời...
[2026-09-17T17:21:28.339Z] [Process] hunggreen0005@maildrop.cc - Link 1/8: Đang truy cập liên kết mời...
[2026-09-17T17:21:28.356Z] [Process] hunggreen0003@maildrop.cc - Link 1/8: Đang truy cập liên kết mời...
[2026-09-17T17:21:32.047Z] [Process] hunggreen0004@maildrop.cc - Đã click chọn tài khoản hiện tại ở màn hình Chọn Tài Khoản. Đợi tải trang...
[2026-09-17T17:21:32.151Z] [Process] hunggreen0003@maildrop.cc - Đã click chọn tài khoản hiện tại ở màn hình Chọn Tài Khoản. Đợi tải trang...
[2026-09-17T17:21:32.187Z] [Process] hunggreen0005@maildrop.cc - Đã click chọn tài khoản hiện tại ở màn hình Chọn Tài Khoản. Đợi tải trang...
[2026-09-17T17:21:32.204Z] [Process] hunggreen0002@maildrop.cc - Đã click chọn tài khoản hiện tại ở màn hình Chọn Tài Khoản. Đợi tải trang...
[2026-09-17T17:21:41.694Z] [Output] hunggreen0003@maildrop.cc - Đã có mặt tại màn hình Home/Workspace. Xong link này!
[2026-09-17T17:21:41.705Z] [Process] hunggreen0003@maildrop.cc - Link 2/8: Đang truy cập liên kết mời...
[2026-09-17T17:21:42.114Z] [Output] hunggreen0002@maildrop.cc - Đã có mặt tại màn hình Home/Workspace. Xong link này!
[2026-09-17T17:21:42.115Z] [Process] hunggreen0002@maildrop.cc - Link 2/8: Đang truy cập liên kết mời...
[2026-09-17T17:21:42.228Z] [Output] hunggreen0005@maildrop.cc - Đã có mặt tại màn hình Home/Workspace. Xong link này!
[2026-09-17T17:21:42.230Z] [Process] hunggreen0005@maildrop.cc - Link 2/8: Đang truy cập liên kết mời...
[2026-09-17T17:21:43.126Z] [Output] hunggreen0004@maildrop.cc - Đã có mặt tại màn hình Home/Workspace. Xong link này!
[2026-09-17T17:21:43.127Z] [Process] hunggreen0004@maildrop.cc - Link 2/8: Đang truy cập liên kết mời...
[2026-09-17T17:21:46.048Z] [Process] hunggreen0003@maildrop.cc - Đã click chọn tài khoản hiện tại ở màn hình Chọn Tài Khoản. Đợi tải trang...
[2026-09-17T17:21:46.435Z] [Process] hunggreen0002@maildrop.cc - Đã click chọn tài khoản hiện tại ở màn hình Chọn Tài Khoản. Đợi tải trang...
[2026-09-17T17:21:46.518Z] [Process] hunggreen0005@maildrop.cc - Đã click chọn tài khoản hiện tại ở màn hình Chọn Tài Khoản. Đợi tải trang...
[2026-09-17T17:21:47.472Z] [Process] hunggreen0004@maildrop.cc - Đã click chọn tài khoản hiện tại ở màn hình Chọn Tài Khoản. Đợi tải trang...
[2026-09-17T17:21:57.102Z] [Process] hunggreen0003@maildrop.cc - Link 2: Đang chờ chuyển trang hoặc load UI (URL: https://app.getpostman.com/web-invite-accept?invite_code=cc6b9a00c45b621982549e042c9a8fc5663b37903c7bd9770bce698376b588c5&signup=false&preserve_personal_context=false&provided_consent_for_multi_team_enablement=false&continue=https%3A%2F%2Fgo.postman.co%2Fhome&authFlowId=f9fceded-0e4d-4581-a5a6-21fe4abb40ec)...
[2026-09-17T17:21:57.479Z] [Process] hunggreen0002@maildrop.cc - Link 2: Đang chờ chuyển trang hoặc load UI (URL: https://app.getpostman.com/web-invite-accept?invite_code=cc6b9a00c45b621982549e042c9a8fc5663b37903c7bd9770bce698376b588c5&signup=false&preserve_personal_context=false&provided_consent_for_multi_team_enablement=false&continue=https%3A%2F%2Fgo.postman.co%2Fhome&authFlowId=51348e59-b936-460a-8bf6-5db2496c1c14)...
[2026-09-17T17:21:57.565Z] [Process] hunggreen0005@maildrop.cc - Link 2: Đang chờ chuyển trang hoặc load UI (URL: https://app.getpostman.com/web-invite-accept?invite_code=cc6b9a00c45b621982549e042c9a8fc5663b37903c7bd9770bce698376b588c5&signup=false&preserve_personal_context=false&provided_consent_for_multi_team_enablement=false&continue=https%3A%2F%2Fgo.postman.co%2Fhome&authFlowId=ad4347c8-a14d-4536-a610-87377dbd96cf)...
[2026-09-17T17:21:58.518Z] [Process] hunggreen0004@maildrop.cc - Link 2: Đang chờ chuyển trang hoặc load UI (URL: https://app.getpostman.com/web-invite-accept?invite_code=cc6b9a00c45b621982549e042c9a8fc5663b37903c7bd9770bce698376b588c5&signup=false&preserve_personal_context=false&provided_consent_for_multi_team_enablement=false&continue=https%3A%2F%2Fgo.postman.co%2Fhome&authFlowId=9c391808-2fbd-40df-ac11-6bee2bfc2d94)...
[2026-09-17T17:22:07.190Z] [Process] hunggreen0003@maildrop.cc - Link 2: Đang chờ chuyển trang hoặc load UI (URL: https://app.getpostman.com/web-invite-accept?invite_code=cc6b9a00c45b621982549e042c9a8fc5663b37903c7bd9770bce698376b588c5&signup=false&preserve_personal_context=false&provided_consent_for_multi_team_enablement=false&continue=https%3A%2F%2Fgo.postman.co%2Fhome&authFlowId=f9fceded-0e4d-4581-a5a6-21fe4abb40ec)...
[2026-09-17T17:22:07.560Z] [Process] hunggreen0002@maildrop.cc - Link 2: Đang chờ chuyển trang hoặc load UI (URL: https://app.getpostman.com/web-invite-accept?invite_code=cc6b9a00c45b621982549e042c9a8fc5663b37903c7bd9770bce698376b588c5&signup=false&preserve_personal_context=false&provided_consent_for_multi_team_enablement=false&continue=https%3A%2F%2Fgo.postman.co%2Fhome&authFlowId=51348e59-b936-460a-8bf6-5db2496c1c14)...
[2026-09-17T17:22:07.635Z] [Process] hunggreen0005@maildrop.cc - Link 2: Đang chờ chuyển trang hoặc load UI (URL: https://app.getpostman.com/web-invite-accept?invite_code=cc6b9a00c45b621982549e042c9a8fc5663b37903c7bd9770bce698376b588c5&signup=false&preserve_personal_context=false&provided_consent_for_multi_team_enablement=false&continue=https%3A%2F%2Fgo.postman.co%2Fhome&authFlowId=ad4347c8-a14d-4536-a610-87377dbd96cf)...
[2026-09-17T17:22:08.592Z] [Process] hunggreen0004@maildrop.cc - Link 2: Đang chờ chuyển trang hoặc load UI (URL: https://app.getpostman.com/web-invite-accept?invite_code=cc6b9a00c45b621982549e042c9a8fc5663b37903c7bd9770bce698376b588c5&signup=false&preserve_personal_context=false&provided_consent_for_multi_team_enablement=false&continue=https%3A%2F%2Fgo.postman.co%2Fhome&authFlowId=9c391808-2fbd-40df-ac11-6bee2bfc2d94)...
[2026-09-17T17:22:17.245Z] [Process] hunggreen0003@maildrop.cc - Link 2: Đang chờ chuyển trang hoặc load UI (URL: https://app.getpostman.com/web-invite-accept?invite_code=cc6b9a00c45b621982549e042c9a8fc5663b37903c7bd9770bce698376b588c5&signup=false&preserve_personal_context=false&provided_consent_for_multi_team_enablement=false&continue=https%3A%2F%2Fgo.postman.co%2Fhome&authFlowId=f9fceded-0e4d-4581-a5a6-21fe4abb40ec)...
[2026-09-17T17:22:17.647Z] [Process] hunggreen0002@maildrop.cc - Link 2: Đang chờ chuyển trang hoặc load UI (URL: https://app.getpostman.com/web-invite-accept?invite_code=cc6b9a00c45b621982549e042c9a8fc5663b37903c7bd9770bce698376b588c5&signup=false&preserve_personal_context=false&provided_consent_for_multi_team_enablement=false&continue=https%3A%2F%2Fgo.postman.co%2Fhome&authFlowId=51348e59-b936-460a-8bf6-5db2496c1c14)...
[2026-09-17T17:22:17.713Z] [Process] hunggreen0005@maildrop.cc - Link 2: Đang chờ chuyển trang hoặc load UI (URL: https://app.getpostman.com/web-invite-accept?invite_code=cc6b9a00c45b621982549e042c9a8fc5663b37903c7bd9770bce698376b588c5&signup=false&preserve_personal_context=false&provided_consent_for_multi_team_enablement=false&continue=https%3A%2F%2Fgo.postman.co%2Fhome&authFlowId=ad4347c8-a14d-4536-a610-87377dbd96cf)...
[2026-09-17T17:22:18.689Z] [Process] hunggreen0004@maildrop.cc - Link 2: Đang chờ chuyển trang hoặc load UI (URL: https://app.getpostman.com/web-invite-accept?invite_code=cc6b9a00c45b621982549e042c9a8fc5663b37903c7bd9770bce698376b588c5&signup=false&preserve_personal_context=false&provided_consent_for_multi_team_enablement=false&continue=https%3A%2F%2Fgo.postman.co%2Fhome&authFlowId=9c391808-2fbd-40df-ac11-6bee2bfc2d94)...
[2026-09-17T17:22:27.340Z] [Process] hunggreen0003@maildrop.cc - Link 2: Đang chờ chuyển trang hoặc load UI (URL: https://app.getpostman.com/web-invite-accept?invite_code=cc6b9a00c45b621982549e042c9a8fc5663b37903c7bd9770bce698376b588c5&signup=false&preserve_personal_context=false&provided_consent_for_multi_team_enablement=false&continue=https%3A%2F%2Fgo.postman.co%2Fhome&authFlowId=f9fceded-0e4d-4581-a5a6-21fe4abb40ec)...
[2026-09-17T17:22:27.723Z] [Process] hunggreen0002@maildrop.cc - Link 2: Đang chờ chuyển trang hoặc load UI (URL: https://app.getpostman.com/web-invite-accept?invite_code=cc6b9a00c45b621982549e042c9a8fc5663b37903c7bd9770bce698376b588c5&signup=false&preserve_personal_context=false&provided_consent_for_multi_team_enablement=false&continue=https%3A%2F%2Fgo.postman.co%2Fhome&authFlowId=51348e59-b936-460a-8bf6-5db2496c1c14)...
[2026-09-17T17:22:27.775Z] [Process] hunggreen0005@maildrop.cc - Link 2: Đang chờ chuyển trang hoặc load UI (URL: https://app.getpostman.com/web-invite-accept?invite_code=cc6b9a00c45b621982549e042c9a8fc5663b37903c7bd9770bce698376b588c5&signup=false&preserve_personal_context=false&provided_consent_for_multi_team_enablement=false&continue=https%3A%2F%2Fgo.postman.co%2Fhome&authFlowId=ad4347c8-a14d-4536-a610-87377dbd96cf)...
[2026-09-17T17:22:28.752Z] [Process] hunggreen0004@maildrop.cc - Link 2: Đang chờ chuyển trang hoặc load UI (URL: https://app.getpostman.com/web-invite-accept?invite_code=cc6b9a00c45b621982549e042c9a8fc5663b37903c7bd9770bce698376b588c5&signup=false&preserve_personal_context=false&provided_consent_for_multi_team_enablement=false&continue=https%3A%2F%2Fgo.postman.co%2Fhome&authFlowId=9c391808-2fbd-40df-ac11-6bee2bfc2d94)...
[2026-09-17T17:22:37.415Z] [Process] hunggreen0003@maildrop.cc - Link 2: Đang chờ chuyển trang hoặc load UI (URL: https://app.getpostman.com/web-invite-accept?invite_code=cc6b9a00c45b621982549e042c9a8fc5663b37903c7bd9770bce698376b588c5&signup=false&preserve_personal_context=false&provided_consent_for_multi_team_enablement=false&continue=https%3A%2F%2Fgo.postman.co%2Fhome&authFlowId=f9fceded-0e4d-4581-a5a6-21fe4abb40ec)...
[2026-09-17T17:22:37.802Z] [Process] hunggreen0002@maildrop.cc - Link 2: Đang chờ chuyển trang hoặc load UI (URL: https://app.getpostman.com/web-invite-accept?invite_code=cc6b9a00c45b621982549e042c9a8fc5663b37903c7bd9770bce698376b588c5&signup=false&preserve_personal_context=false&provided_consent_for_multi_team_enablement=false&continue=https%3A%2F%2Fgo.postman.co%2Fhome&authFlowId=51348e59-b936-460a-8bf6-5db2496c1c14)...
[2026-09-17T17:22:37.846Z] [Process] hunggreen0005@maildrop.cc - Link 2: Đang chờ chuyển trang hoặc load UI (URL: https://app.getpostman.com/web-invite-accept?invite_code=cc6b9a00c45b621982549e042c9a8fc5663b37903c7bd9770bce698376b588c5&signup=false&preserve_personal_context=false&provided_consent_for_multi_team_enablement=false&continue=https%3A%2F%2Fgo.postman.co%2Fhome&authFlowId=ad4347c8-a14d-4536-a610-87377dbd96cf)...
[2026-09-17T17:22:38.836Z] [Process] hunggreen0004@maildrop.cc - Link 2: Đang chờ chuyển trang hoặc load UI (URL: https://app.getpostman.com/web-invite-accept?invite_code=cc6b9a00c45b621982549e042c9a8fc5663b37903c7bd9770bce698376b588c5&signup=false&preserve_personal_context=false&provided_consent_for_multi_team_enablement=false&continue=https%3A%2F%2Fgo.postman.co%2Fhome&authFlowId=9c391808-2fbd-40df-ac11-6bee2bfc2d94)...
[2026-09-17T17:22:47.487Z] [Process] hunggreen0003@maildrop.cc - Link 2: Đang chờ chuyển trang hoặc load UI (URL: https://app.getpostman.com/web-invite-accept?invite_code=cc6b9a00c45b621982549e042c9a8fc5663b37903c7bd9770bce698376b588c5&signup=false&preserve_personal_context=false&provided_consent_for_multi_team_enablement=false&continue=https%3A%2F%2Fgo.postman.co%2Fhome&authFlowId=f9fceded-0e4d-4581-a5a6-21fe4abb40ec)...
[2026-09-17T17:22:47.870Z] [Process] hunggreen0002@maildrop.cc - Link 2: Đang chờ chuyển trang hoặc load UI (URL: https://app.getpostman.com/web-invite-accept?invite_code=cc6b9a00c45b621982549e042c9a8fc5663b37903c7bd9770bce698376b588c5&signup=false&preserve_personal_context=false&provided_consent_for_multi_team_enablement=false&continue=https%3A%2F%2Fgo.postman.co%2Fhome&authFlowId=51348e59-b936-460a-8bf6-5db2496c1c14)...
[2026-09-17T17:22:47.927Z] [Process] hunggreen0005@maildrop.cc - Link 2: Đang chờ chuyển trang hoặc load UI (URL: https://app.getpostman.com/web-invite-accept?invite_code=cc6b9a00c45b621982549e042c9a8fc5663b37903c7bd9770bce698376b588c5&signup=false&preserve_personal_context=false&provided_consent_for_multi_team_enablement=false&continue=https%3A%2F%2Fgo.postman.co%2Fhome&authFlowId=ad4347c8-a14d-4536-a610-87377dbd96cf)...
[2026-09-17T17:22:48.919Z] [Process] hunggreen0004@maildrop.cc - Link 2: Đang chờ chuyển trang hoặc load UI (URL: https://app.getpostman.com/web-invite-accept?invite_code=cc6b9a00c45b621982549e042c9a8fc5663b37903c7bd9770bce698376b588c5&signup=false&preserve_personal_context=false&provided_consent_for_multi_team_enablement=false&continue=https%3A%2F%2Fgo.postman.co%2Fhome&authFlowId=9c391808-2fbd-40df-ac11-6bee2bfc2d94)...
[2026-09-17T17:22:57.563Z] [Process] hunggreen0003@maildrop.cc - Link 2: Đang chờ chuyển trang hoặc load UI (URL: https://app.getpostman.com/web-invite-accept?invite_code=cc6b9a00c45b621982549e042c9a8fc5663b37903c7bd9770bce698376b588c5&signup=false&preserve_personal_context=false&provided_consent_for_multi_team_enablement=false&continue=https%3A%2F%2Fgo.postman.co%2Fhome&authFlowId=f9fceded-0e4d-4581-a5a6-21fe4abb40ec)...
[2026-09-17T17:22:57.941Z] [Process] hunggreen0002@maildrop.cc - Link 2: Đang chờ chuyển trang hoặc load UI (URL: https://app.getpostman.com/web-invite-accept?invite_code=cc6b9a00c45b621982549e042c9a8fc5663b37903c7bd9770bce698376b588c5&signup=false&preserve_personal_context=false&provided_consent_for_multi_team_enablement=false&continue=https%3A%2F%2Fgo.postman.co%2Fhome&authFlowId=51348e59-b936-460a-8bf6-5db2496c1c14)...
[2026-09-17T17:22:57.990Z] [Process] hunggreen0005@maildrop.cc - Link 2: Đang chờ chuyển trang hoặc load UI (URL: https://app.getpostman.com/web-invite-accept?invite_code=cc6b9a00c45b621982549e042c9a8fc5663b37903c7bd9770bce698376b588c5&signup=false&preserve_personal_context=false&provided_consent_for_multi_team_enablement=false&continue=https%3A%2F%2Fgo.postman.co%2Fhome&authFlowId=ad4347c8-a14d-4536-a610-87377dbd96cf)...
[2026-09-17T17:22:59.001Z] [Process] hunggreen0004@maildrop.cc - Link 2: Đang chờ chuyển trang hoặc load UI (URL: https://app.getpostman.com/web-invite-accept?invite_code=cc6b9a00c45b621982549e042c9a8fc5663b37903c7bd9770bce698376b588c5&signup=false&preserve_personal_context=false&provided_consent_for_multi_team_enablement=false&continue=https%3A%2F%2Fgo.postman.co%2Fhome&authFlowId=9c391808-2fbd-40df-ac11-6bee2bfc2d94)...
[2026-09-17T17:23:07.656Z] [Process] hunggreen0003@maildrop.cc - Link 2: Đang chờ chuyển trang hoặc load UI (URL: https://app.getpostman.com/web-invite-accept?invite_code=cc6b9a00c45b621982549e042c9a8fc5663b37903c7bd9770bce698376b588c5&signup=false&preserve_personal_context=false&provided_consent_for_multi_team_enablement=false&continue=https%3A%2F%2Fgo.postman.co%2Fhome&authFlowId=f9fceded-0e4d-4581-a5a6-21fe4abb40ec)...
[2026-09-17T17:23:08.015Z] [Process] hunggreen0002@maildrop.cc - Link 2: Đang chờ chuyển trang hoặc load UI (URL: https://app.getpostman.com/web-invite-accept?invite_code=cc6b9a00c45b621982549e042c9a8fc5663b37903c7bd9770bce698376b588c5&signup=false&preserve_personal_context=false&provided_consent_for_multi_team_enablement=false&continue=https%3A%2F%2Fgo.postman.co%2Fhome&authFlowId=51348e59-b936-460a-8bf6-5db2496c1c14)...
[2026-09-17T17:23:08.056Z] [Process] hunggreen0005@maildrop.cc - Link 2: Đang chờ chuyển trang hoặc load UI (URL: https://app.getpostman.com/web-invite-accept?invite_code=cc6b9a00c45b621982549e042c9a8fc5663b37903c7bd9770bce698376b588c5&signup=false&preserve_personal_context=false&provided_consent_for_multi_team_enablement=false&continue=https%3A%2F%2Fgo.postman.co%2Fhome&authFlowId=ad4347c8-a14d-4536-a610-87377dbd96cf)...
[2026-09-17T17:23:09.080Z] [Process] hunggreen0004@maildrop.cc - Link 2: Đang chờ chuyển trang hoặc load UI (URL: https://app.getpostman.com/web-invite-accept?invite_code=cc6b9a00c45b621982549e042c9a8fc5663b37903c7bd9770bce698376b588c5&signup=false&preserve_personal_context=false&provided_consent_for_multi_team_enablement=false&continue=https%3A%2F%2Fgo.postman.co%2Fhome&authFlowId=9c391808-2fbd-40df-ac11-6bee2bfc2d94)...
[2026-09-17T17:23:17.731Z] [Process] hunggreen0003@maildrop.cc - Link 2: Đang chờ chuyển trang hoặc load UI (URL: https://app.getpostman.com/web-invite-accept?invite_code=cc6b9a00c45b621982549e042c9a8fc5663b37903c7bd9770bce698376b588c5&signup=false&preserve_personal_context=false&provided_consent_for_multi_team_enablement=false&continue=https%3A%2F%2Fgo.postman.co%2Fhome&authFlowId=f9fceded-0e4d-4581-a5a6-21fe4abb40ec)...
[2026-09-17T17:23:18.095Z] [Process] hunggreen0002@maildrop.cc - Link 2: Đang chờ chuyển trang hoặc load UI (URL: https://app.getpostman.com/web-invite-accept?invite_code=cc6b9a00c45b621982549e042c9a8fc5663b37903c7bd9770bce698376b588c5&signup=false&preserve_personal_context=false&provided_consent_for_multi_team_enablement=false&continue=https%3A%2F%2Fgo.postman.co%2Fhome&authFlowId=51348e59-b936-460a-8bf6-5db2496c1c14)...
[2026-09-17T17:23:18.132Z] [Process] hunggreen0005@maildrop.cc - Link 2: Đang chờ chuyển trang hoặc load UI (URL: https://app.getpostman.com/web-invite-accept?invite_code=cc6b9a00c45b621982549e042c9a8fc5663b37903c7bd9770bce698376b588c5&signup=false&preserve_personal_context=false&provided_consent_for_multi_team_enablement=false&continue=https%3A%2F%2Fgo.postman.co%2Fhome&authFlowId=ad4347c8-a14d-4536-a610-87377dbd96cf)...
[2026-09-17T17:23:19.153Z] [Process] hunggreen0004@maildrop.cc - Link 2: Đang chờ chuyển trang hoặc load UI (URL: https://app.getpostman.com/web-invite-accept?invite_code=cc6b9a00c45b621982549e042c9a8fc5663b37903c7bd9770bce698376b588c5&signup=false&preserve_personal_context=false&provided_consent_for_multi_team_enablement=false&continue=https%3A%2F%2Fgo.postman.co%2Fhome&authFlowId=9c391808-2fbd-40df-ac11-6bee2bfc2d94)...
[2026-09-17T17:23:27.806Z] [Process] hunggreen0003@maildrop.cc - Link 2: Đang chờ chuyển trang hoặc load UI (URL: https://app.getpostman.com/web-invite-accept?invite_code=cc6b9a00c45b621982549e042c9a8fc5663b37903c7bd9770bce698376b588c5&signup=false&preserve_personal_context=false&provided_consent_for_multi_team_enablement=false&continue=https%3A%2F%2Fgo.postman.co%2Fhome&authFlowId=f9fceded-0e4d-4581-a5a6-21fe4abb40ec)...
[2026-09-17T17:23:28.176Z] [Process] hunggreen0002@maildrop.cc - Link 2: Đang chờ chuyển trang hoặc load UI (URL: https://app.getpostman.com/web-invite-accept?invite_code=cc6b9a00c45b621982549e042c9a8fc5663b37903c7bd9770bce698376b588c5&signup=false&preserve_personal_context=false&provided_consent_for_multi_team_enablement=false&continue=https%3A%2F%2Fgo.postman.co%2Fhome&authFlowId=51348e59-b936-460a-8bf6-5db2496c1c14)...
[2026-09-17T17:23:28.205Z] [Process] hunggreen0005@maildrop.cc - Link 2: Đang chờ chuyển trang hoặc load UI (URL: https://app.getpostman.com/web-invite-accept?invite_code=cc6b9a00c45b621982549e042c9a8fc5663b37903c7bd9770bce698376b588c5&signup=false&preserve_personal_context=false&provided_consent_for_multi_team_enablement=false&continue=https%3A%2F%2Fgo.postman.co%2Fhome&authFlowId=ad4347c8-a14d-4536-a610-87377dbd96cf)...
[2026-09-17T17:23:29.231Z] [Process] hunggreen0004@maildrop.cc - Link 2: Đang chờ chuyển trang hoặc load UI (URL: https://app.getpostman.com/web-invite-accept?invite_code=cc6b9a00c45b621982549e042c9a8fc5663b37903c7bd9770bce698376b588c5&signup=false&preserve_personal_context=false&provided_consent_for_multi_team_enablement=false&continue=https%3A%2F%2Fgo.postman.co%2Fhome&authFlowId=9c391808-2fbd-40df-ac11-6bee2bfc2d94)...
[2026-09-17T17:23:37.879Z] [Process] hunggreen0003@maildrop.cc - Link 2: Đang chờ chuyển trang hoặc load UI (URL: https://app.getpostman.com/web-invite-accept?invite_code=cc6b9a00c45b621982549e042c9a8fc5663b37903c7bd9770bce698376b588c5&signup=false&preserve_personal_context=false&provided_consent_for_multi_team_enablement=false&continue=https%3A%2F%2Fgo.postman.co%2Fhome&authFlowId=f9fceded-0e4d-4581-a5a6-21fe4abb40ec)...
[2026-09-17T17:23:38.272Z] [Process] hunggreen0002@maildrop.cc - Link 2: Đang chờ chuyển trang hoặc load UI (URL: https://app.getpostman.com/web-invite-accept?invite_code=cc6b9a00c45b621982549e042c9a8fc5663b37903c7bd9770bce698376b588c5&signup=false&preserve_personal_context=false&provided_consent_for_multi_team_enablement=false&continue=https%3A%2F%2Fgo.postman.co%2Fhome&authFlowId=51348e59-b936-460a-8bf6-5db2496c1c14)...
[2026-09-17T17:23:38.296Z] [Process] hunggreen0005@maildrop.cc - Link 2: Đang chờ chuyển trang hoặc load UI (URL: https://app.getpostman.com/web-invite-accept?invite_code=cc6b9a00c45b621982549e042c9a8fc5663b37903c7bd9770bce698376b588c5&signup=false&preserve_personal_context=false&provided_consent_for_multi_team_enablement=false&continue=https%3A%2F%2Fgo.postman.co%2Fhome&authFlowId=ad4347c8-a14d-4536-a610-87377dbd96cf)...
[2026-09-17T17:23:39.329Z] [Process] hunggreen0004@maildrop.cc - Link 2: Đang chờ chuyển trang hoặc load UI (URL: https://app.getpostman.com/web-invite-accept?invite_code=cc6b9a00c45b621982549e042c9a8fc5663b37903c7bd9770bce698376b588c5&signup=false&preserve_personal_context=false&provided_consent_for_multi_team_enablement=false&continue=https%3A%2F%2Fgo.postman.co%2Fhome&authFlowId=9c391808-2fbd-40df-ac11-6bee2bfc2d94)...
[2026-09-17T17:23:47.967Z] [Process] hunggreen0003@maildrop.cc - Link 2: Đang chờ chuyển trang hoặc load UI (URL: https://app.getpostman.com/web-invite-accept?invite_code=cc6b9a00c45b621982549e042c9a8fc5663b37903c7bd9770bce698376b588c5&signup=false&preserve_personal_context=false&provided_consent_for_multi_team_enablement=false&continue=https%3A%2F%2Fgo.postman.co%2Fhome&authFlowId=f9fceded-0e4d-4581-a5a6-21fe4abb40ec)...
[2026-09-17T17:23:47.969Z] [Warn] hunggreen0003@maildrop.cc - Hết thời gian chờ (120s) mà chưa join thành công Link 2.
[2026-09-17T17:23:47.970Z] [Process] hunggreen0003@maildrop.cc - Link 3/8: Đang truy cập liên kết mời...
[2026-09-17T17:23:48.357Z] [Process] hunggreen0002@maildrop.cc - Link 2: Đang chờ chuyển trang hoặc load UI (URL: https://app.getpostman.com/web-invite-accept?invite_code=cc6b9a00c45b621982549e042c9a8fc5663b37903c7bd9770bce698376b588c5&signup=false&preserve_personal_context=false&provided_consent_for_multi_team_enablement=false&continue=https%3A%2F%2Fgo.postman.co%2Fhome&authFlowId=51348e59-b936-460a-8bf6-5db2496c1c14)...
[2026-09-17T17:23:48.360Z] [Warn] hunggreen0002@maildrop.cc - Hết thời gian chờ (120s) mà chưa join thành công Link 2.
[2026-09-17T17:23:48.362Z] [Process] hunggreen0002@maildrop.cc - Link 3/8: Đang truy cập liên kết mời...
[2026-09-17T17:23:48.377Z] [Process] hunggreen0005@maildrop.cc - Link 2: Đang chờ chuyển trang hoặc load UI (URL: https://app.getpostman.com/web-invite-accept?invite_code=cc6b9a00c45b621982549e042c9a8fc5663b37903c7bd9770bce698376b588c5&signup=false&preserve_personal_context=false&provided_consent_for_multi_team_enablement=false&continue=https%3A%2F%2Fgo.postman.co%2Fhome&authFlowId=ad4347c8-a14d-4536-a610-87377dbd96cf)...
[2026-09-17T17:23:48.379Z] [Warn] hunggreen0005@maildrop.cc - Hết thời gian chờ (120s) mà chưa join thành công Link 2.
[2026-09-17T17:23:48.381Z] [Process] hunggreen0005@maildrop.cc - Link 3/8: Đang truy cập liên kết mời...
[2026-09-17T17:23:49.402Z] [Process] hunggreen0004@maildrop.cc - Link 2: Đang chờ chuyển trang hoặc load UI (URL: https://app.getpostman.com/web-invite-accept?invite_code=cc6b9a00c45b621982549e042c9a8fc5663b37903c7bd9770bce698376b588c5&signup=false&preserve_personal_context=false&provided_consent_for_multi_team_enablement=false&continue=https%3A%2F%2Fgo.postman.co%2Fhome&authFlowId=9c391808-2fbd-40df-ac11-6bee2bfc2d94)...
[2026-09-17T17:23:49.405Z] [Warn] hunggreen0004@maildrop.cc - Hết thời gian chờ (120s) mà chưa join thành công Link 2.
[2026-09-17T17:23:49.407Z] [Process] hunggreen0004@maildrop.cc - Link 3/8: Đang truy cập liên kết mời...
[2026-09-17T17:23:51.885Z] [Process] hunggreen0002@maildrop.cc - Đã click chọn tài khoản hiện tại ở màn hình Chọn Tài Khoản. Đợi tải trang...
[2026-09-17T17:23:51.904Z] [Process] hunggreen0005@maildrop.cc - Đã click chọn tài khoản hiện tại ở màn hình Chọn Tài Khoản. Đợi tải trang...
[2026-09-17T17:23:52.150Z] [Process] hunggreen0003@maildrop.cc - Đã click chọn tài khoản hiện tại ở màn hình Chọn Tài Khoản. Đợi tải trang...
[2026-09-17T17:23:52.965Z] [Process] hunggreen0004@maildrop.cc - Đã click chọn tài khoản hiện tại ở màn hình Chọn Tài Khoản. Đợi tải trang...
[2026-09-17T17:24:02.927Z] [Process] hunggreen0002@maildrop.cc - Link 3: Đang chờ chuyển trang hoặc load UI (URL: https://app.getpostman.com/web-invite-accept?invite_code=28b440e69980c1cd478ff0943e59083073b524ccd913857c5911824df99d704b&signup=false&preserve_personal_context=false&provided_consent_for_multi_team_enablement=false&continue=https%3A%2F%2Fgo.postman.co%2Fhome&authFlowId=b26b3415-d238-40c8-a8b5-baf1bd053b42)...
[2026-09-17T17:24:02.958Z] [Process] hunggreen0005@maildrop.cc - Link 3: Đang chờ chuyển trang hoặc load UI (URL: https://app.getpostman.com/web-invite-accept?invite_code=28b440e69980c1cd478ff0943e59083073b524ccd913857c5911824df99d704b&signup=false&preserve_personal_context=false&provided_consent_for_multi_team_enablement=false&continue=https%3A%2F%2Fgo.postman.co%2Fhome&authFlowId=9b525096-0cb0-47a0-bbff-d5208560ad91)...
[2026-09-17T17:24:03.208Z] [Process] hunggreen0003@maildrop.cc - Link 3: Đang chờ chuyển trang hoặc load UI (URL: https://app.getpostman.com/web-invite-accept?invite_code=28b440e69980c1cd478ff0943e59083073b524ccd913857c5911824df99d704b&signup=false&preserve_personal_context=false&provided_consent_for_multi_team_enablement=false&continue=https%3A%2F%2Fgo.postman.co%2Fhome&authFlowId=5265affc-e3c3-4737-bd8c-84a4c67d4509)...
[2026-09-17T17:24:04.113Z] [Process] hunggreen0004@maildrop.cc - Link 3: Đang chờ chuyển trang hoặc load UI (URL: https://app.getpostman.com/web-invite-accept?invite_code=28b440e69980c1cd478ff0943e59083073b524ccd913857c5911824df99d704b&signup=false&preserve_personal_context=false&provided_consent_for_multi_team_enablement=false&continue=https%3A%2F%2Fgo.postman.co%2Fhome&authFlowId=197fe564-2747-404a-b7d7-35fcee2bf158)...
[2026-09-17T17:24:12.995Z] [Process] hunggreen0002@maildrop.cc - Link 3: Đang chờ chuyển trang hoặc load UI (URL: https://app.getpostman.com/web-invite-accept?invite_code=28b440e69980c1cd478ff0943e59083073b524ccd913857c5911824df99d704b&signup=false&preserve_personal_context=false&provided_consent_for_multi_team_enablement=false&continue=https%3A%2F%2Fgo.postman.co%2Fhome&authFlowId=b26b3415-d238-40c8-a8b5-baf1bd053b42)...
[2026-09-17T17:24:13.039Z] [Process] hunggreen0005@maildrop.cc - Link 3: Đang chờ chuyển trang hoặc load UI (URL: https://app.getpostman.com/web-invite-accept?invite_code=28b440e69980c1cd478ff0943e59083073b524ccd913857c5911824df99d704b&signup=false&preserve_personal_context=false&provided_consent_for_multi_team_enablement=false&continue=https%3A%2F%2Fgo.postman.co%2Fhome&authFlowId=9b525096-0cb0-47a0-bbff-d5208560ad91)...
[2026-09-17T17:24:13.272Z] [Process] hunggreen0003@maildrop.cc - Link 3: Đang chờ chuyển trang hoặc load UI (URL: https://app.getpostman.com/web-invite-accept?invite_code=28b440e69980c1cd478ff0943e59083073b524ccd913857c5911824df99d704b&signup=false&preserve_personal_context=false&provided_consent_for_multi_team_enablement=false&continue=https%3A%2F%2Fgo.postman.co%2Fhome&authFlowId=5265affc-e3c3-4737-bd8c-84a4c67d4509)...
[2026-09-17T17:24:14.174Z] [Process] hunggreen0004@maildrop.cc - Link 3: Đang chờ chuyển trang hoặc load UI (URL: https://app.getpostman.com/web-invite-accept?invite_code=28b440e69980c1cd478ff0943e59083073b524ccd913857c5911824df99d704b&signup=false&preserve_personal_context=false&provided_consent_for_multi_team_enablement=false&continue=https%3A%2F%2Fgo.postman.co%2Fhome&authFlowId=197fe564-2747-404a-b7d7-35fcee2bf158)...
[2026-09-17T17:24:23.088Z] [Process] hunggreen0002@maildrop.cc - Link 3: Đang chờ chuyển trang hoặc load UI (URL: https://app.getpostman.com/web-invite-accept?invite_code=28b440e69980c1cd478ff0943e59083073b524ccd913857c5911824df99d704b&signup=false&preserve_personal_context=false&provided_consent_for_multi_team_enablement=false&continue=https%3A%2F%2Fgo.postman.co%2Fhome&authFlowId=b26b3415-d238-40c8-a8b5-baf1bd053b42)...
[2026-09-17T17:24:23.118Z] [Process] hunggreen0005@maildrop.cc - Link 3: Đang chờ chuyển trang hoặc load UI (URL: https://app.getpostman.com/web-invite-accept?invite_code=28b440e69980c1cd478ff0943e59083073b524ccd913857c5911824df99d704b&signup=false&preserve_personal_context=false&provided_consent_for_multi_team_enablement=false&continue=https%3A%2F%2Fgo.postman.co%2Fhome&authFlowId=9b525096-0cb0-47a0-bbff-d5208560ad91)...
[2026-09-17T17:24:23.345Z] [Process] hunggreen0003@maildrop.cc - Link 3: Đang chờ chuyển trang hoặc load UI (URL: https://app.getpostman.com/web-invite-accept?invite_code=28b440e69980c1cd478ff0943e59083073b524ccd913857c5911824df99d704b&signup=false&preserve_personal_context=false&provided_consent_for_multi_team_enablement=false&continue=https%3A%2F%2Fgo.postman.co%2Fhome&authFlowId=5265affc-e3c3-4737-bd8c-84a4c67d4509)...
[2026-09-17T17:24:24.243Z] [Process] hunggreen0004@maildrop.cc - Link 3: Đang chờ chuyển trang hoặc load UI (URL: https://app.getpostman.com/web-invite-accept?invite_code=28b440e69980c1cd478ff0943e59083073b524ccd913857c5911824df99d704b&signup=false&preserve_personal_context=false&provided_consent_for_multi_team_enablement=false&continue=https%3A%2F%2Fgo.postman.co%2Fhome&authFlowId=197fe564-2747-404a-b7d7-35fcee2bf158)...
[2026-09-17T17:24:33.179Z] [Process] hunggreen0002@maildrop.cc - Link 3: Đang chờ chuyển trang hoặc load UI (URL: https://app.getpostman.com/web-invite-accept?invite_code=28b440e69980c1cd478ff0943e59083073b524ccd913857c5911824df99d704b&signup=false&preserve_personal_context=false&provided_consent_for_multi_team_enablement=false&continue=https%3A%2F%2Fgo.postman.co%2Fhome&authFlowId=b26b3415-d238-40c8-a8b5-baf1bd053b42)...
[2026-09-17T17:24:33.196Z] [Process] hunggreen0005@maildrop.cc - Link 3: Đang chờ chuyển trang hoặc load UI (URL: https://app.getpostman.com/web-invite-accept?invite_code=28b440e69980c1cd478ff0943e59083073b524ccd913857c5911824df99d704b&signup=false&preserve_personal_context=false&provided_consent_for_multi_team_enablement=false&continue=https%3A%2F%2Fgo.postman.co%2Fhome&authFlowId=9b525096-0cb0-47a0-bbff-d5208560ad91)...
[2026-09-17T17:24:33.427Z] [Process] hunggreen0003@maildrop.cc - Link 3: Đang chờ chuyển trang hoặc load UI (URL: https://app.getpostman.com/web-invite-accept?invite_code=28b440e69980c1cd478ff0943e59083073b524ccd913857c5911824df99d704b&signup=false&preserve_personal_context=false&provided_consent_for_multi_team_enablement=false&continue=https%3A%2F%2Fgo.postman.co%2Fhome&authFlowId=5265affc-e3c3-4737-bd8c-84a4c67d4509)...
[2026-09-17T17:24:34.303Z] [Process] hunggreen0004@maildrop.cc - Link 3: Đang chờ chuyển trang hoặc load UI (URL: https://app.getpostman.com/web-invite-accept?invite_code=28b440e69980c1cd478ff0943e59083073b524ccd913857c5911824df99d704b&signup=false&preserve_personal_context=false&provided_consent_for_multi_team_enablement=false&continue=https%3A%2F%2Fgo.postman.co%2Fhome&authFlowId=197fe564-2747-404a-b7d7-35fcee2bf158)...
[2026-09-17T17:24:43.242Z] [Process] hunggreen0002@maildrop.cc - Link 3: Đang chờ chuyển trang hoặc load UI (URL: https://app.getpostman.com/web-invite-accept?invite_code=28b440e69980c1cd478ff0943e59083073b524ccd913857c5911824df99d704b&signup=false&preserve_personal_context=false&provided_consent_for_multi_team_enablement=false&continue=https%3A%2F%2Fgo.postman.co%2Fhome&authFlowId=b26b3415-d238-40c8-a8b5-baf1bd053b42)...
[2026-09-17T17:24:43.257Z] [Process] hunggreen0005@maildrop.cc - Link 3: Đang chờ chuyển trang hoặc load UI (URL: https://app.getpostman.com/web-invite-accept?invite_code=28b440e69980c1cd478ff0943e59083073b524ccd913857c5911824df99d704b&signup=false&preserve_personal_context=false&provided_consent_for_multi_team_enablement=false&continue=https%3A%2F%2Fgo.postman.co%2Fhome&authFlowId=9b525096-0cb0-47a0-bbff-d5208560ad91)...
[2026-09-17T17:24:43.500Z] [Process] hunggreen0003@maildrop.cc - Link 3: Đang chờ chuyển trang hoặc load UI (URL: https://app.getpostman.com/web-invite-accept?invite_code=28b440e69980c1cd478ff0943e59083073b524ccd913857c5911824df99d704b&signup=false&preserve_personal_context=false&provided_consent_for_multi_team_enablement=false&continue=https%3A%2F%2Fgo.postman.co%2Fhome&authFlowId=5265affc-e3c3-4737-bd8c-84a4c67d4509)...
[2026-09-17T17:24:44.395Z] [Process] hunggreen0004@maildrop.cc - Link 3: Đang chờ chuyển trang hoặc load UI (URL: https://app.getpostman.com/web-invite-accept?invite_code=28b440e69980c1cd478ff0943e59083073b524ccd913857c5911824df99d704b&signup=false&preserve_personal_context=false&provided_consent_for_multi_team_enablement=false&continue=https%3A%2F%2Fgo.postman.co%2Fhome&authFlowId=197fe564-2747-404a-b7d7-35fcee2bf158)...
[2026-09-17T17:24:53.318Z] [Process] hunggreen0002@maildrop.cc - Link 3: Đang chờ chuyển trang hoặc load UI (URL: https://app.getpostman.com/web-invite-accept?invite_code=28b440e69980c1cd478ff0943e59083073b524ccd913857c5911824df99d704b&signup=false&preserve_personal_context=false&provided_consent_for_multi_team_enablement=false&continue=https%3A%2F%2Fgo.postman.co%2Fhome&authFlowId=b26b3415-d238-40c8-a8b5-baf1bd053b42)...
[2026-09-17T17:24:53.332Z] [Process] hunggreen0005@maildrop.cc - Link 3: Đang chờ chuyển trang hoặc load UI (URL: https://app.getpostman.com/web-invite-accept?invite_code=28b440e69980c1cd478ff0943e59083073b524ccd913857c5911824df99d704b&signup=false&preserve_personal_context=false&provided_consent_for_multi_team_enablement=false&continue=https%3A%2F%2Fgo.postman.co%2Fhome&authFlowId=9b525096-0cb0-47a0-bbff-d5208560ad91)...
[2026-09-17T17:24:53.575Z] [Process] hunggreen0003@maildrop.cc - Link 3: Đang chờ chuyển trang hoặc load UI (URL: https://app.getpostman.com/web-invite-accept?invite_code=28b440e69980c1cd478ff0943e59083073b524ccd913857c5911824df99d704b&signup=false&preserve_personal_context=false&provided_consent_for_multi_team_enablement=false&continue=https%3A%2F%2Fgo.postman.co%2Fhome&authFlowId=5265affc-e3c3-4737-bd8c-84a4c67d4509)...
[2026-09-17T17:24:54.461Z] [Process] hunggreen0004@maildrop.cc - Link 3: Đang chờ chuyển trang hoặc load UI (URL: https://app.getpostman.com/web-invite-accept?invite_code=28b440e69980c1cd478ff0943e59083073b524ccd913857c5911824df99d704b&signup=false&preserve_personal_context=false&provided_consent_for_multi_team_enablement=false&continue=https%3A%2F%2Fgo.postman.co%2Fhome&authFlowId=197fe564-2747-404a-b7d7-35fcee2bf158)...
[2026-09-17T17:25:03.395Z] [Process] hunggreen0002@maildrop.cc - Link 3: Đang chờ chuyển trang hoặc load UI (URL: https://app.getpostman.com/web-invite-accept?invite_code=28b440e69980c1cd478ff0943e59083073b524ccd913857c5911824df99d704b&signup=false&preserve_personal_context=false&provided_consent_for_multi_team_enablement=false&continue=https%3A%2F%2Fgo.postman.co%2Fhome&authFlowId=b26b3415-d238-40c8-a8b5-baf1bd053b42)...
[2026-09-17T17:25:03.403Z] [Process] hunggreen0005@maildrop.cc - Link 3: Đang chờ chuyển trang hoặc load UI (URL: https://app.getpostman.com/web-invite-accept?invite_code=28b440e69980c1cd478ff0943e59083073b524ccd913857c5911824df99d704b&signup=false&preserve_personal_context=false&provided_consent_for_multi_team_enablement=false&continue=https%3A%2F%2Fgo.postman.co%2Fhome&authFlowId=9b525096-0cb0-47a0-bbff-d5208560ad91)...
[2026-09-17T17:25:03.623Z] [Process] hunggreen0003@maildrop.cc - Link 3: Đang chờ chuyển trang hoặc load UI (URL: https://app.getpostman.com/web-invite-accept?invite_code=28b440e69980c1cd478ff0943e59083073b524ccd913857c5911824df99d704b&signup=false&preserve_personal_context=false&provided_consent_for_multi_team_enablement=false&continue=https%3A%2F%2Fgo.postman.co%2Fhome&authFlowId=5265affc-e3c3-4737-bd8c-84a4c67d4509)...
[2026-09-17T17:25:04.538Z] [Process] hunggreen0004@maildrop.cc - Link 3: Đang chờ chuyển trang hoặc load UI (URL: https://app.getpostman.com/web-invite-accept?invite_code=28b440e69980c1cd478ff0943e59083073b524ccd913857c5911824df99d704b&signup=false&preserve_personal_context=false&provided_consent_for_multi_team_enablement=false&continue=https%3A%2F%2Fgo.postman.co%2Fhome&authFlowId=197fe564-2747-404a-b7d7-35fcee2bf158)...
[2026-09-17T17:25:13.485Z] [Process] hunggreen0002@maildrop.cc - Link 3: Đang chờ chuyển trang hoặc load UI (URL: https://app.getpostman.com/web-invite-accept?invite_code=28b440e69980c1cd478ff0943e59083073b524ccd913857c5911824df99d704b&signup=false&preserve_personal_context=false&provided_consent_for_multi_team_enablement=false&continue=https%3A%2F%2Fgo.postman.co%2Fhome&authFlowId=b26b3415-d238-40c8-a8b5-baf1bd053b42)...
[2026-09-17T17:25:13.487Z] [Process] hunggreen0005@maildrop.cc - Link 3: Đang chờ chuyển trang hoặc load UI (URL: https://app.getpostman.com/web-invite-accept?invite_code=28b440e69980c1cd478ff0943e59083073b524ccd913857c5911824df99d704b&signup=false&preserve_personal_context=false&provided_consent_for_multi_team_enablement=false&continue=https%3A%2F%2Fgo.postman.co%2Fhome&authFlowId=9b525096-0cb0-47a0-bbff-d5208560ad91)...
[2026-09-17T17:25:13.696Z] [Process] hunggreen0003@maildrop.cc - Link 3: Đang chờ chuyển trang hoặc load UI (URL: https://app.getpostman.com/web-invite-accept?invite_code=28b440e69980c1cd478ff0943e59083073b524ccd913857c5911824df99d704b&signup=false&preserve_personal_context=false&provided_consent_for_multi_team_enablement=false&continue=https%3A%2F%2Fgo.postman.co%2Fhome&authFlowId=5265affc-e3c3-4737-bd8c-84a4c67d4509)...
[2026-09-17T17:25:14.581Z] [Process] hunggreen0004@maildrop.cc - Link 3: Đang chờ chuyển trang hoặc load UI (URL: https://app.getpostman.com/web-invite-accept?invite_code=28b440e69980c1cd478ff0943e59083073b524ccd913857c5911824df99d704b&signup=false&preserve_personal_context=false&provided_consent_for_multi_team_enablement=false&continue=https%3A%2F%2Fgo.postman.co%2Fhome&authFlowId=197fe564-2747-404a-b7d7-35fcee2bf158)...
[2026-09-17T17:25:23.535Z] [Process] hunggreen0002@maildrop.cc - Link 3: Đang chờ chuyển trang hoặc load UI (URL: https://app.getpostman.com/web-invite-accept?invite_code=28b440e69980c1cd478ff0943e59083073b524ccd913857c5911824df99d704b&signup=false&preserve_personal_context=false&provided_consent_for_multi_team_enablement=false&continue=https%3A%2F%2Fgo.postman.co%2Fhome&authFlowId=b26b3415-d238-40c8-a8b5-baf1bd053b42)...
[2026-09-17T17:25:23.535Z] [Process] hunggreen0005@maildrop.cc - Link 3: Đang chờ chuyển trang hoặc load UI (URL: https://app.getpostman.com/web-invite-accept?invite_code=28b440e69980c1cd478ff0943e59083073b524ccd913857c5911824df99d704b&signup=false&preserve_personal_context=false&provided_consent_for_multi_team_enablement=false&continue=https%3A%2F%2Fgo.postman.co%2Fhome&authFlowId=9b525096-0cb0-47a0-bbff-d5208560ad91)...
[2026-09-17T17:25:23.778Z] [Process] hunggreen0003@maildrop.cc - Link 3: Đang chờ chuyển trang hoặc load UI (URL: https://app.getpostman.com/web-invite-accept?invite_code=28b440e69980c1cd478ff0943e59083073b524ccd913857c5911824df99d704b&signup=false&preserve_personal_context=false&provided_consent_for_multi_team_enablement=false&continue=https%3A%2F%2Fgo.postman.co%2Fhome&authFlowId=5265affc-e3c3-4737-bd8c-84a4c67d4509)...
[2026-09-17T17:25:24.649Z] [Process] hunggreen0004@maildrop.cc - Link 3: Đang chờ chuyển trang hoặc load UI (URL: https://app.getpostman.com/web-invite-accept?invite_code=28b440e69980c1cd478ff0943e59083073b524ccd913857c5911824df99d704b&signup=false&preserve_personal_context=false&provided_consent_for_multi_team_enablement=false&continue=https%3A%2F%2Fgo.postman.co%2Fhome&authFlowId=197fe564-2747-404a-b7d7-35fcee2bf158)...
[2026-09-17T17:25:33.614Z] [Process] hunggreen0005@maildrop.cc - Link 3: Đang chờ chuyển trang hoặc load UI (URL: https://app.getpostman.com/web-invite-accept?invite_code=28b440e69980c1cd478ff0943e59083073b524ccd913857c5911824df99d704b&signup=false&preserve_personal_context=false&provided_consent_for_multi_team_enablement=false&continue=https%3A%2F%2Fgo.postman.co%2Fhome&authFlowId=9b525096-0cb0-47a0-bbff-d5208560ad91)...
[2026-09-17T17:25:33.730Z] [Process] hunggreen0002@maildrop.cc - Link 3: Đang chờ chuyển trang hoặc load UI (URL: https://app.getpostman.com/web-invite-accept?invite_code=28b440e69980c1cd478ff0943e59083073b524ccd913857c5911824df99d704b&signup=false&preserve_personal_context=false&provided_consent_for_multi_team_enablement=false&continue=https%3A%2F%2Fgo.postman.co%2Fhome&authFlowId=b26b3415-d238-40c8-a8b5-baf1bd053b42)...
[2026-09-17T17:25:34.660Z] [Process] hunggreen0003@maildrop.cc - Link 3: Đang chờ chuyển trang hoặc load UI (URL: https://app.getpostman.com/web-invite-accept?invite_code=28b440e69980c1cd478ff0943e59083073b524ccd913857c5911824df99d704b&signup=false&preserve_personal_context=false&provided_consent_for_multi_team_enablement=false&continue=https%3A%2F%2Fgo.postman.co%2Fhome&authFlowId=5265affc-e3c3-4737-bd8c-84a4c67d4509)...
[2026-09-17T17:25:34.703Z] [Process] hunggreen0004@maildrop.cc - Link 3: Đang chờ chuyển trang hoặc load UI (URL: https://app.getpostman.com/web-invite-accept?invite_code=28b440e69980c1cd478ff0943e59083073b524ccd913857c5911824df99d704b&signup=false&preserve_personal_context=false&provided_consent_for_multi_team_enablement=false&continue=https%3A%2F%2Fgo.postman.co%2Fhome&authFlowId=197fe564-2747-404a-b7d7-35fcee2bf158)...
[2026-09-17T17:25:43.809Z] [Process] hunggreen0002@maildrop.cc - Link 3: Đang chờ chuyển trang hoặc load UI (URL: https://app.getpostman.com/web-invite-accept?invite_code=28b440e69980c1cd478ff0943e59083073b524ccd913857c5911824df99d704b&signup=false&preserve_personal_context=false&provided_consent_for_multi_team_enablement=false&continue=https%3A%2F%2Fgo.postman.co%2Fhome&authFlowId=b26b3415-d238-40c8-a8b5-baf1bd053b42)...
[2026-09-17T17:25:44.578Z] [Process] hunggreen0005@maildrop.cc - Link 3: Đang chờ chuyển trang hoặc load UI (URL: https://app.getpostman.com/web-invite-accept?invite_code=28b440e69980c1cd478ff0943e59083073b524ccd913857c5911824df99d704b&signup=false&preserve_personal_context=false&provided_consent_for_multi_team_enablement=false&continue=https%3A%2F%2Fgo.postman.co%2Fhome&authFlowId=9b525096-0cb0-47a0-bbff-d5208560ad91)...
[2026-09-17T17:25:44.723Z] [Process] hunggreen0003@maildrop.cc - Link 3: Đang chờ chuyển trang hoặc load UI (URL: https://app.getpostman.com/web-invite-accept?invite_code=28b440e69980c1cd478ff0943e59083073b524ccd913857c5911824df99d704b&signup=false&preserve_personal_context=false&provided_consent_for_multi_team_enablement=false&continue=https%3A%2F%2Fgo.postman.co%2Fhome&authFlowId=5265affc-e3c3-4737-bd8c-84a4c67d4509)...
[2026-09-17T17:25:44.784Z] [Process] hunggreen0004@maildrop.cc - Link 3: Đang chờ chuyển trang hoặc load UI (URL: https://app.getpostman.com/web-invite-accept?invite_code=28b440e69980c1cd478ff0943e59083073b524ccd913857c5911824df99d704b&signup=false&preserve_personal_context=false&provided_consent_for_multi_team_enablement=false&continue=https%3A%2F%2Fgo.postman.co%2Fhome&authFlowId=197fe564-2747-404a-b7d7-35fcee2bf158)...
[2026-09-17T17:25:53.881Z] [Process] hunggreen0002@maildrop.cc - Link 3: Đang chờ chuyển trang hoặc load UI (URL: https://app.getpostman.com/web-invite-accept?invite_code=28b440e69980c1cd478ff0943e59083073b524ccd913857c5911824df99d704b&signup=false&preserve_personal_context=false&provided_consent_for_multi_team_enablement=false&continue=https%3A%2F%2Fgo.postman.co%2Fhome&authFlowId=b26b3415-d238-40c8-a8b5-baf1bd053b42)...
[2026-09-17T17:25:53.885Z] [Warn] hunggreen0002@maildrop.cc - Hết thời gian chờ (120s) mà chưa join thành công Link 3.
[2026-09-17T17:25:53.890Z] [Process] hunggreen0002@maildrop.cc - Link 4/8: Đang truy cập liên kết mời...
[2026-09-17T17:25:54.781Z] [Process] hunggreen0003@maildrop.cc - Link 3: Đang chờ chuyển trang hoặc load UI (URL: https://app.getpostman.com/web-invite-accept?invite_code=28b440e69980c1cd478ff0943e59083073b524ccd913857c5911824df99d704b&signup=false&preserve_personal_context=false&provided_consent_for_multi_team_enablement=false&continue=https%3A%2F%2Fgo.postman.co%2Fhome&authFlowId=5265affc-e3c3-4737-bd8c-84a4c67d4509)...
[2026-09-17T17:25:54.782Z] [Warn] hunggreen0003@maildrop.cc - Hết thời gian chờ (120s) mà chưa join thành công Link 3.
[2026-09-17T17:25:54.783Z] [Process] hunggreen0003@maildrop.cc - Link 4/8: Đang truy cập liên kết mời...
[2026-09-17T17:25:54.835Z] [Process] hunggreen0004@maildrop.cc - Link 3: Đang chờ chuyển trang hoặc load UI (URL: https://app.getpostman.com/web-invite-accept?invite_code=28b440e69980c1cd478ff0943e59083073b524ccd913857c5911824df99d704b&signup=false&preserve_personal_context=false&provided_consent_for_multi_team_enablement=false&continue=https%3A%2F%2Fgo.postman.co%2Fhome&authFlowId=197fe564-2747-404a-b7d7-35fcee2bf158)...
[2026-09-17T17:25:54.835Z] [Warn] hunggreen0004@maildrop.cc - Hết thời gian chờ (120s) mà chưa join thành công Link 3.
[2026-09-17T17:25:54.836Z] [Process] hunggreen0004@maildrop.cc - Link 4/8: Đang truy cập liên kết mời...
[2026-09-17T17:25:55.695Z] [Err] hunggreen0005@maildrop.cc - Lỗi trong lúc theo dõi trang: Attempted to use detached Frame '2B88ACDE3158AE16CB7D0A875A30DBC5'.
[2026-09-17T17:25:55.696Z] [Warn] hunggreen0005@maildrop.cc - Hết thời gian chờ (120s) mà chưa join thành công Link 3.
[2026-09-17T17:25:55.696Z] [Process] hunggreen0005@maildrop.cc - Link 4/8: Đang truy cập liên kết mời...
[2026-09-17T17:25:56.360Z] [Warn] hunggreen0002@maildrop.cc - Phát hiện trang Xác Thực Cloudflare Turnstile ([ ] Verify you are human)!
[2026-09-17T17:25:57.246Z] [Warn] hunggreen0003@maildrop.cc - Phát hiện trang Xác Thực Cloudflare Turnstile ([ ] Verify you are human)!
[2026-09-17T17:25:57.322Z] [Warn] hunggreen0004@maildrop.cc - Phát hiện trang Xác Thực Cloudflare Turnstile ([ ] Verify you are human)!
[2026-09-17T17:25:57.696Z] [Err] hunggreen0005@maildrop.cc - Lỗi trong lúc theo dõi trang: Attempted to use detached Frame '2B88ACDE3158AE16CB7D0A875A30DBC5'.
[2026-09-17T17:25:57.867Z] [Process] hunggreen0002@maildrop.cc - Đã định vị toạ độ nút checkbox Cloudflare (X=62, Y=337). Đang di chuyển chuột và CLICK...
[2026-09-17T17:25:58.420Z] [Process] hunggreen0002@maildrop.cc - Đã CLICK vào ô xác thực! Đang chờ Cloudflare tích xanh và chuyển trang...
[2026-09-17T17:25:58.751Z] [Process] hunggreen0003@maildrop.cc - Đã định vị toạ độ nút checkbox Cloudflare (X=67, Y=337). Đang di chuyển chuột và CLICK...
[2026-09-17T17:25:58.827Z] [Process] hunggreen0004@maildrop.cc - Đã định vị toạ độ nút checkbox Cloudflare (X=64, Y=337). Đang di chuyển chuột và CLICK...
[2026-09-17T17:25:59.345Z] [Process] hunggreen0003@maildrop.cc - Đã CLICK vào ô xác thực! Đang chờ Cloudflare tích xanh và chuyển trang...
[2026-09-17T17:25:59.355Z] [Process] hunggreen0004@maildrop.cc - Đã CLICK vào ô xác thực! Đang chờ Cloudflare tích xanh và chuyển trang...
[2026-09-17T17:25:59.420Z] [Output] hunggreen0002@maildrop.cc - ĐÃ VƯỢT QUA rào cản Cloudflare thành công!
[2026-09-17T17:25:59.698Z] [Err] hunggreen0005@maildrop.cc - Lỗi trong lúc theo dõi trang: Attempted to use detached Frame '2B88ACDE3158AE16CB7D0A875A30DBC5'.
[2026-09-17T17:26:00.347Z] [Output] hunggreen0003@maildrop.cc - ĐÃ VƯỢT QUA rào cản Cloudflare thành công!
[2026-09-17T17:26:00.436Z] [Output] hunggreen0004@maildrop.cc - ĐÃ VƯỢT QUA rào cản Cloudflare thành công!
[2026-09-17T17:26:01.447Z] [Process] hunggreen0002@maildrop.cc - Đã click chọn tài khoản hiện tại ở màn hình Chọn Tài Khoản. Đợi tải trang...
[2026-09-17T17:26:01.699Z] [Err] hunggreen0005@maildrop.cc - Lỗi trong lúc theo dõi trang: Attempted to use detached Frame '2B88ACDE3158AE16CB7D0A875A30DBC5'.
[2026-09-17T17:26:02.375Z] [Process] hunggreen0003@maildrop.cc - Đã click chọn tài khoản hiện tại ở màn hình Chọn Tài Khoản. Đợi tải trang...
[2026-09-17T17:26:02.447Z] [Process] hunggreen0004@maildrop.cc - Đã click chọn tài khoản hiện tại ở màn hình Chọn Tài Khoản. Đợi tải trang...
[2026-09-17T17:26:03.699Z] [Err] hunggreen0005@maildrop.cc - Lỗi trong lúc theo dõi trang: Attempted to use detached Frame '2B88ACDE3158AE16CB7D0A875A30DBC5'.
[2026-09-17T17:26:05.699Z] [Err] hunggreen0005@maildrop.cc - Lỗi trong lúc theo dõi trang: Attempted to use detached Frame '2B88ACDE3158AE16CB7D0A875A30DBC5'.
[2026-09-17T17:26:07.699Z] [Err] hunggreen0005@maildrop.cc - Lỗi trong lúc theo dõi trang: Attempted to use detached Frame '2B88ACDE3158AE16CB7D0A875A30DBC5'.
[2026-09-17T17:26:09.701Z] [Err] hunggreen0005@maildrop.cc - Lỗi trong lúc theo dõi trang: Attempted to use detached Frame '2B88ACDE3158AE16CB7D0A875A30DBC5'.
[2026-09-17T17:26:10.496Z] [Process] hunggreen0002@maildrop.cc - Link 4: Đang chờ chuyển trang hoặc load UI (URL: https://app.getpostman.com/web-invite-accept?invite_code=1ed21c9fb3dfd33d2bc27fecf04e78633fc307180589ee9bc971d792d62f5806&signup=false&preserve_personal_context=false&provided_consent_for_multi_team_enablement=false&continue=https%3A%2F%2Fgo.postman.co%2Fhome&authFlowId=c5d538af-3b99-49d2-921f-a043ada5bd8a)...
[2026-09-17T17:26:11.412Z] [Process] hunggreen0003@maildrop.cc - Link 4: Đang chờ chuyển trang hoặc load UI (URL: https://app.getpostman.com/web-invite-accept?invite_code=1ed21c9fb3dfd33d2bc27fecf04e78633fc307180589ee9bc971d792d62f5806&signup=false&preserve_personal_context=false&provided_consent_for_multi_team_enablement=false&continue=https%3A%2F%2Fgo.postman.co%2Fhome&authFlowId=5eeb078d-984a-4cff-983f-deffa8a8eb0e)...
[2026-09-17T17:26:11.475Z] [Process] hunggreen0004@maildrop.cc - Link 4: Đang chờ chuyển trang hoặc load UI (URL: https://app.getpostman.com/web-invite-accept?invite_code=1ed21c9fb3dfd33d2bc27fecf04e78633fc307180589ee9bc971d792d62f5806&signup=false&preserve_personal_context=false&provided_consent_for_multi_team_enablement=false&continue=https%3A%2F%2Fgo.postman.co%2Fhome&authFlowId=a13e5173-5ab7-434e-8bbd-480d46488bf1)...
[2026-09-17T17:26:11.701Z] [Err] hunggreen0005@maildrop.cc - Lỗi trong lúc theo dõi trang: Attempted to use detached Frame '2B88ACDE3158AE16CB7D0A875A30DBC5'.
[2026-09-17T17:26:13.702Z] [Err] hunggreen0005@maildrop.cc - Lỗi trong lúc theo dõi trang: Attempted to use detached Frame '2B88ACDE3158AE16CB7D0A875A30DBC5'.
[2026-09-17T17:26:15.703Z] [Err] hunggreen0005@maildrop.cc - Lỗi trong lúc theo dõi trang: Attempted to use detached Frame '2B88ACDE3158AE16CB7D0A875A30DBC5'.
[2026-09-17T17:26:17.703Z] [Err] hunggreen0005@maildrop.cc - Lỗi trong lúc theo dõi trang: Attempted to use detached Frame '2B88ACDE3158AE16CB7D0A875A30DBC5'.
[2026-09-17T17:26:19.704Z] [Err] hunggreen0005@maildrop.cc - Lỗi trong lúc theo dõi trang: Attempted to use detached Frame '2B88ACDE3158AE16CB7D0A875A30DBC5'.
[2026-09-17T17:26:20.571Z] [Process] hunggreen0002@maildrop.cc - Link 4: Đang chờ chuyển trang hoặc load UI (URL: https://app.getpostman.com/web-invite-accept?invite_code=1ed21c9fb3dfd33d2bc27fecf04e78633fc307180589ee9bc971d792d62f5806&signup=false&preserve_personal_context=false&provided_consent_for_multi_team_enablement=false&continue=https%3A%2F%2Fgo.postman.co%2Fhome&authFlowId=c5d538af-3b99-49d2-921f-a043ada5bd8a)...
[2026-09-17T17:26:21.497Z] [Process] hunggreen0003@maildrop.cc - Link 4: Đang chờ chuyển trang hoặc load UI (URL: https://app.getpostman.com/web-invite-accept?invite_code=1ed21c9fb3dfd33d2bc27fecf04e78633fc307180589ee9bc971d792d62f5806&signup=false&preserve_personal_context=false&provided_consent_for_multi_team_enablement=false&continue=https%3A%2F%2Fgo.postman.co%2Fhome&authFlowId=5eeb078d-984a-4cff-983f-deffa8a8eb0e)...
[2026-09-17T17:26:21.536Z] [Process] hunggreen0004@maildrop.cc - Link 4: Đang chờ chuyển trang hoặc load UI (URL: https://app.getpostman.com/web-invite-accept?invite_code=1ed21c9fb3dfd33d2bc27fecf04e78633fc307180589ee9bc971d792d62f5806&signup=false&preserve_personal_context=false&provided_consent_for_multi_team_enablement=false&continue=https%3A%2F%2Fgo.postman.co%2Fhome&authFlowId=a13e5173-5ab7-434e-8bbd-480d46488bf1)...
[2026-09-17T17:26:21.705Z] [Err] hunggreen0005@maildrop.cc - Lỗi trong lúc theo dõi trang: Attempted to use detached Frame '2B88ACDE3158AE16CB7D0A875A30DBC5'.
[2026-09-17T17:26:23.707Z] [Err] hunggreen0005@maildrop.cc - Lỗi trong lúc theo dõi trang: Attempted to use detached Frame '2B88ACDE3158AE16CB7D0A875A30DBC5'.
[2026-09-17T17:26:25.706Z] [Err] hunggreen0005@maildrop.cc - Lỗi trong lúc theo dõi trang: Attempted to use detached Frame '2B88ACDE3158AE16CB7D0A875A30DBC5'.
[2026-09-17T17:26:27.706Z] [Err] hunggreen0005@maildrop.cc - Lỗi trong lúc theo dõi trang: Attempted to use detached Frame '2B88ACDE3158AE16CB7D0A875A30DBC5'.
[2026-09-17T17:26:29.575Z] [Err] hunggreen0004@maildrop.cc - Lỗi trong lúc theo dõi trang: Attempted to use detached Frame '69AD74CD6602F742AF52DD9B0DF9A2C2'.
[2026-09-17T17:26:29.707Z] [Err] hunggreen0005@maildrop.cc - Lỗi trong lúc theo dõi trang: Attempted to use detached Frame '2B88ACDE3158AE16CB7D0A875A30DBC5'.
[2026-09-17T17:26:30.632Z] [Process] hunggreen0002@maildrop.cc - Link 4: Đang chờ chuyển trang hoặc load UI (URL: https://app.getpostman.com/web-invite-accept?invite_code=1ed21c9fb3dfd33d2bc27fecf04e78633fc307180589ee9bc971d792d62f5806&signup=false&preserve_personal_context=false&provided_consent_for_multi_team_enablement=false&continue=https%3A%2F%2Fgo.postman.co%2Fhome&authFlowId=c5d538af-3b99-49d2-921f-a043ada5bd8a)...
[2026-09-17T17:26:31.572Z] [Process] hunggreen0003@maildrop.cc - Link 4: Đang chờ chuyển trang hoặc load UI (URL: https://app.getpostman.com/web-invite-accept?invite_code=1ed21c9fb3dfd33d2bc27fecf04e78633fc307180589ee9bc971d792d62f5806&signup=false&preserve_personal_context=false&provided_consent_for_multi_team_enablement=false&continue=https%3A%2F%2Fgo.postman.co%2Fhome&authFlowId=5eeb078d-984a-4cff-983f-deffa8a8eb0e)...
[2026-09-17T17:26:31.575Z] [Err] hunggreen0004@maildrop.cc - Lỗi trong lúc theo dõi trang: Attempted to use detached Frame '69AD74CD6602F742AF52DD9B0DF9A2C2'.
[2026-09-17T17:26:31.708Z] [Err] hunggreen0005@maildrop.cc - Lỗi trong lúc theo dõi trang: Attempted to use detached Frame '2B88ACDE3158AE16CB7D0A875A30DBC5'.
[2026-09-17T17:26:33.576Z] [Err] hunggreen0004@maildrop.cc - Lỗi trong lúc theo dõi trang: Attempted to use detached Frame '69AD74CD6602F742AF52DD9B0DF9A2C2'.
[2026-09-17T17:26:33.708Z] [Err] hunggreen0005@maildrop.cc - Lỗi trong lúc theo dõi trang: Attempted to use detached Frame '2B88ACDE3158AE16CB7D0A875A30DBC5'.
[2026-09-17T17:26:35.577Z] [Err] hunggreen0004@maildrop.cc - Lỗi trong lúc theo dõi trang: Attempted to use detached Frame '69AD74CD6602F742AF52DD9B0DF9A2C2'.
[2026-09-17T17:26:35.711Z] [Err] hunggreen0005@maildrop.cc - Lỗi trong lúc theo dõi trang: Attempted to use detached Frame '2B88ACDE3158AE16CB7D0A875A30DBC5'.
[2026-09-17T17:26:37.577Z] [Err] hunggreen0004@maildrop.cc - Lỗi trong lúc theo dõi trang: Attempted to use detached Frame '69AD74CD6602F742AF52DD9B0DF9A2C2'.
[2026-09-17T17:26:37.710Z] [Err] hunggreen0005@maildrop.cc - Lỗi trong lúc theo dõi trang: Attempted to use detached Frame '2B88ACDE3158AE16CB7D0A875A30DBC5'.
[2026-09-17T17:26:39.580Z] [Err] hunggreen0004@maildrop.cc - Lỗi trong lúc theo dõi trang: Attempted to use detached Frame '69AD74CD6602F742AF52DD9B0DF9A2C2'.
[2026-09-17T17:26:39.711Z] [Err] hunggreen0005@maildrop.cc - Lỗi trong lúc theo dõi trang: Attempted to use detached Frame '2B88ACDE3158AE16CB7D0A875A30DBC5'.
[2026-09-17T17:26:40.699Z] [Process] hunggreen0002@maildrop.cc - Link 4: Đang chờ chuyển trang hoặc load UI (URL: https://app.getpostman.com/web-invite-accept?invite_code=1ed21c9fb3dfd33d2bc27fecf04e78633fc307180589ee9bc971d792d62f5806&signup=false&preserve_personal_context=false&provided_consent_for_multi_team_enablement=false&continue=https%3A%2F%2Fgo.postman.co%2Fhome&authFlowId=c5d538af-3b99-49d2-921f-a043ada5bd8a)...
[2026-09-17T17:26:41.579Z] [Err] hunggreen0004@maildrop.cc - Lỗi trong lúc theo dõi trang: Attempted to use detached Frame '69AD74CD6602F742AF52DD9B0DF9A2C2'.
[2026-09-17T17:26:41.621Z] [Process] hunggreen0003@maildrop.cc - Link 4: Đang chờ chuyển trang hoặc load UI (URL: https://app.getpostman.com/web-invite-accept?invite_code=1ed21c9fb3dfd33d2bc27fecf04e78633fc307180589ee9bc971d792d62f5806&signup=false&preserve_personal_context=false&provided_consent_for_multi_team_enablement=false&continue=https%3A%2F%2Fgo.postman.co%2Fhome&authFlowId=5eeb078d-984a-4cff-983f-deffa8a8eb0e)...
[2026-09-17T17:26:41.712Z] [Err] hunggreen0005@maildrop.cc - Lỗi trong lúc theo dõi trang: Attempted to use detached Frame '2B88ACDE3158AE16CB7D0A875A30DBC5'.
[2026-09-17T17:26:43.581Z] [Err] hunggreen0004@maildrop.cc - Lỗi trong lúc theo dõi trang: Attempted to use detached Frame '69AD74CD6602F742AF52DD9B0DF9A2C2'.
[2026-09-17T17:26:43.711Z] [Err] hunggreen0005@maildrop.cc - Lỗi trong lúc theo dõi trang: Attempted to use detached Frame '2B88ACDE3158AE16CB7D0A875A30DBC5'.
[2026-09-17T17:26:44.788Z] [Process] Nhận lệnh HỦY B4. Đang đóng tiến trình...
===============================================================
